Archive member included to satisfy reference by file (symbol)

app/libapp.a(main.c.obj)      (--whole-archive)
zephyr/libzephyr.a(heap.c.obj)
                              (--whole-archive)
zephyr/libzephyr.a(cbprintf_packaged.c.obj)
                              (--whole-archive)
zephyr/libzephyr.a(printk.c.obj)
                              (--whole-archive)
zephyr/libzephyr.a(sem.c.obj)
                              (--whole-archive)
zephyr/libzephyr.a(thread_entry.c.obj)
                              (--whole-archive)
zephyr/libzephyr.a(cbprintf_complete.c.obj)
                              (--whole-archive)
zephyr/libzephyr.a(assert.c.obj)
                              (--whole-archive)
zephyr/libzephyr.a(reboot.c.obj)
                              (--whole-archive)
zephyr/libzephyr.a(dec.c.obj)
                              (--whole-archive)
zephyr/libzephyr.a(hex.c.obj)
                              (--whole-archive)
zephyr/libzephyr.a(rb.c.obj)  (--whole-archive)
zephyr/libzephyr.a(timeutil.c.obj)
                              (--whole-archive)
zephyr/libzephyr.a(bitarray.c.obj)
                              (--whole-archive)
zephyr/libzephyr.a(configs.c.obj)
                              (--whole-archive)
zephyr/libzephyr.a(soc.c.obj)
                              (--whole-archive)
zephyr/libzephyr.a(stm32cube_hal.c.obj)
                              (--whole-archive)
zephyr/libzephyr.a(soc_config.c.obj)
                              (--whole-archive)
zephyr/libzephyr.a(thread_info.c.obj)
                              (--whole-archive)
zephyr/libzephyr.a(mem_attr.c.obj)
                              (--whole-archive)
zephyr/libzephyr.a(tracing_none.c.obj)
                              (--whole-archive)
zephyr/arch/common/libarch__common.a(sw_isr_common.c.obj)
                              (--whole-archive)
zephyr/arch/arch/arm/core/libarch__arm__core.a(fatal.c.obj)
                              (--whole-archive)
zephyr/arch/arch/arm/core/libarch__arm__core.a(nmi.c.obj)
                              (--whole-archive)
zephyr/arch/arch/arm/core/libarch__arm__core.a(nmi_on_reset.S.obj)
                              (--whole-archive)
zephyr/arch/arch/arm/core/libarch__arm__core.a(tls.c.obj)
                              (--whole-archive)
zephyr/arch/arch/arm/core/cortex_m/libarch__arm__core__cortex_m.a(exc_exit.S.obj)
                              (--whole-archive)
zephyr/arch/arch/arm/core/cortex_m/libarch__arm__core__cortex_m.a(fault.c.obj)
                              (--whole-archive)
zephyr/arch/arch/arm/core/cortex_m/libarch__arm__core__cortex_m.a(fault_s.S.obj)
                              (--whole-archive)
zephyr/arch/arch/arm/core/cortex_m/libarch__arm__core__cortex_m.a(fpu.c.obj)
                              (--whole-archive)
zephyr/arch/arch/arm/core/cortex_m/libarch__arm__core__cortex_m.a(reset.S.obj)
                              (--whole-archive)
zephyr/arch/arch/arm/core/cortex_m/libarch__arm__core__cortex_m.a(scb.c.obj)
                              (--whole-archive)
zephyr/arch/arch/arm/core/cortex_m/libarch__arm__core__cortex_m.a(thread_abort.c.obj)
                              (--whole-archive)
zephyr/arch/arch/arm/core/cortex_m/libarch__arm__core__cortex_m.a(vector_table.S.obj)
                              (--whole-archive)
zephyr/arch/arch/arm/core/cortex_m/libarch__arm__core__cortex_m.a(swap.c.obj)
                              (--whole-archive)
zephyr/arch/arch/arm/core/cortex_m/libarch__arm__core__cortex_m.a(swap_helper.S.obj)
                              (--whole-archive)
zephyr/arch/arch/arm/core/cortex_m/libarch__arm__core__cortex_m.a(irq_manage.c.obj)
                              (--whole-archive)
zephyr/arch/arch/arm/core/cortex_m/libarch__arm__core__cortex_m.a(prep_c.c.obj)
                              (--whole-archive)
zephyr/arch/arch/arm/core/cortex_m/libarch__arm__core__cortex_m.a(thread.c.obj)
                              (--whole-archive)
zephyr/arch/arch/arm/core/cortex_m/libarch__arm__core__cortex_m.a(cpu_idle.S.obj)
                              (--whole-archive)
zephyr/arch/arch/arm/core/cortex_m/libarch__arm__core__cortex_m.a(irq_init.c.obj)
                              (--whole-archive)
zephyr/arch/arch/arm/core/cortex_m/libarch__arm__core__cortex_m.a(isr_wrapper.S.obj)
                              (--whole-archive)
zephyr/arch/arch/arm/core/cortex_m/libarch__arm__core__cortex_m.a(__aeabi_read_tp.S.obj)
                              (--whole-archive)
zephyr/arch/arch/arm/core/mpu/libarch__arm__core__mpu.a(arm_core_mpu.c.obj)
                              (--whole-archive)
zephyr/arch/arch/arm/core/mpu/libarch__arm__core__mpu.a(arm_mpu.c.obj)
                              (--whole-archive)
zephyr/arch/arch/arm/core/mpu/libarch__arm__core__mpu.a(arm_mpu_regions.c.obj)
                              (--whole-archive)
zephyr/lib/libc/picolibc/liblib__libc__picolibc.a(libc-hooks.c.obj)
                              (--whole-archive)
[...]
Memory Configuration

Name             Origin             Length             Attributes
FLASH            0x0000000008000000 0x0000000000080000 xr
RAM              0x0000000020000000 0x0000000000010000 xw
CCM              0x0000000010000000 0x0000000000004000
IDT_LIST         0x00000000ffff7fff 0x0000000000008000 xw
*default*        0x0000000000000000 0xffffffffffffffff

Linker script and memory map

                0x0000000008002424                vfprintf = __l_vfprintf
                0x0000000000000000                vfscanf = __l_vfscanf
LOAD zephyr/CMakeFiles/zephyr_final.dir/misc/empty_file.c.obj
LOAD zephyr/CMakeFiles/zephyr_final.dir/isr_tables.c.obj
LOAD zephyr/CMakeFiles/offsets.dir/./arch/arm/core/offsets/offsets.c.obj
LOAD app/libapp.a
LOAD zephyr/libzephyr.a
LOAD zephyr/arch/common/libarch__common.a
LOAD zephyr/arch/arch/arm/core/libarch__arm__core.a
LOAD zephyr/arch/arch/arm/core/cortex_m/libarch__arm__core__cortex_m.a
LOAD zephyr/arch/arch/arm/core/mpu/libarch__arm__core__mpu.a
LOAD zephyr/lib/libc/picolibc/liblib__libc__picolibc.a
LOAD zephyr/lib/libc/common/liblib__libc__common.a
LOAD zephyr/drivers/interrupt_controller/libdrivers__interrupt_controller.a
LOAD zephyr/drivers/clock_control/libdrivers__clock_control.a
LOAD zephyr/drivers/console/libdrivers__console.a
LOAD zephyr/drivers/gpio/libdrivers__gpio.a
LOAD zephyr/drivers/pinctrl/libdrivers__pinctrl.a
LOAD zephyr/drivers/reset/libdrivers__reset.a
LOAD zephyr/drivers/serial/libdrivers__serial.a
LOAD zephyr/drivers/timer/libdrivers__timer.a
LOAD modules/stm32/stm32cube/lib..__modules__hal__stm32__stm32cube.a
LOAD zephyr/kernel/libkernel.a
LOAD c:/users/luan oliveira/.zephyr_ide/toolchains/zephyr-sdk-0.16.8/arm-zephyr-eabi/bin/../lib/gcc/arm-zephyr-eabi/12.2.0/thumb/v7e-m/nofp\libgcc.a
LOAD zephyr/arch/common/libisr_tables.a
LOAD c:\users\luanol~1\zephyr~2\toolch~1\zephyr~1.8\arm-ze~1\bin\../lib/gcc/../../picolibc/arm-zephyr-eabi/lib/thumb/v7e-m/nofp\libc.a
LOAD c:/users/luan oliveira/.zephyr_ide/toolchains/zephyr-sdk-0.16.8/arm-zephyr-eabi/bin/../lib/gcc/arm-zephyr-eabi/12.2.0/thumb/v7e-m/nofp\libgcc.a
                0x0000000000000020                _region_min_align = 0x20

.rel.plt        0x0000000008000000        0x0
 *(SORT_BY_ALIGNMENT(.rel.plt))
                [!provide]                        PROVIDE (__rel_iplt_start = .)
 *(SORT_BY_ALIGNMENT(.rel.iplt))
 .rel.iplt      0x0000000008000000        0x0 zephyr/CMakeFiles/zephyr_final.dir/isr_tables.c.obj
                [!provide]                        PROVIDE (__rel_iplt_end = .)

.rela.plt       0x0000000000000000        0x0
 *(SORT_BY_ALIGNMENT(.rela.plt))
                [!provide]                        PROVIDE (__rela_iplt_start = .)
 *(SORT_BY_ALIGNMENT(.rela.iplt))
                [!provide]                        PROVIDE (__rela_iplt_end = .)

.rel.dyn
 *(SORT_BY_ALIGNMENT(.rel.*))

.rela.dyn
 *(SORT_BY_ALIGNMENT(.rela.*))

/DISCARD/
 *(SORT_BY_ALIGNMENT(.plt))

/DISCARD/
 *(SORT_BY_ALIGNMENT(.iplt))
                0x0000000008000000                __rom_region_start = 0x8000000

rom_start       0x0000000008000000      0x194
                0x0000000008000000                __rom_start_address = .
 FILL mask 0x00
                0x0000000008000000                . = (. + (0x0 - (. - __rom_start_address)))
                0x0000000008000000                . = ALIGN (0x4)
                0x0000000008000000                . = ALIGN (0x80)
                0x0000000008000000                . = ALIGN (0x200)
                0x0000000008000000                _vector_start = .
 *(SORT_BY_ALIGNMENT(.exc_vector_table))
 *(SORT_BY_ALIGNMENT(.exc_vector_table.*))
 .exc_vector_table._vector_table_section
                0x0000000008000000       0x40 zephyr/arch/arch/arm/core/cortex_m/libarch__arm__core__cortex_m.a(vector_table.S.obj)
                0x0000000008000000                _vector_table
 *(SORT_BY_ALIGNMENT(.vectors))
                0x0000000008000194                _vector_end = .
                0x0000000008000040                . = ALIGN (0x4)
 *(SORT_BY_ALIGNMENT(.gnu.linkonce.irq_vector_table*))
 .gnu.linkonce.irq_vector_table
                0x0000000008000040      0x154 zephyr/CMakeFiles/zephyr_final.dir/isr_tables.c.obj
                0x0000000008000040                _irq_vector_table
                0x0000000008000194                _vector_end = .

text            0x0000000008000194     0x3b40
                0x0000000008000194                __text_region_start = .
 *(SORT_BY_ALIGNMENT(.text))
 *(SORT_BY_ALIGNMENT(.text.*))
 .text.main     0x0000000008000194       0xa4 app/libapp.a(main.c.obj)
                0x0000000008000194                main
 .text.char_out
                0x0000000008000238       0x10 zephyr/libzephyr.a(printk.c.obj)
 .text.vprintk  0x0000000008000248       0x2c zephyr/libzephyr.a(printk.c.obj)
                0x0000000008000248                vprintk
 .text.__printk_hook_install
                0x0000000008000274        0xc zephyr/libzephyr.a(printk.c.obj)
                0x0000000008000274                __printk_hook_install
 .text.z_thread_entry
                0x0000000008000280       0x34 zephyr/libzephyr.a(thread_entry.c.obj)
                0x0000000008000280                z_thread_entry
 .text.stm32f3_init
                0x00000000080002b4       0x20 zephyr/libzephyr.a(soc.c.obj)
 .text.st_stm32_common_config
                0x00000000080002d4       0x14 zephyr/libzephyr.a(soc_config.c.obj)
 .text.mem_attr_get_regions
                0x00000000080002e8        0xc zephyr/libzephyr.a(mem_attr.c.obj)
                0x00000000080002e8                mem_attr_get_regions
 .text.z_arm_nmi
                0x00000000080002f4       0x14 zephyr/arch/arch/arm/core/libarch__arm__core.a(nmi.c.obj)
                0x00000000080002f4                z_arm_nmi
 .text.z_SysNmiOnReset
                0x0000000008000308        0x8 zephyr/arch/arch/arm/core/libarch__arm__core.a(nmi_on_reset.S.obj)
                0x0000000008000308                z_SysNmiOnReset
 .text.z_tls_copy
                0x0000000008000310       0x38 zephyr/arch/arch/arm/core/libarch__arm__core.a(tls.c.obj)
 .text.arch_tls_stack_setup
                0x0000000008000348       0x48 zephyr/arch/arch/arm/core/libarch__arm__core.a(tls.c.obj)
                0x0000000008000348                arch_tls_stack_setup
 .text._HandlerModeExit
                0x0000000008000390       0x1c zephyr/arch/arch/arm/core/cortex_m/libarch__arm__core__cortex_m.a(exc_exit.S.obj)
                0x0000000008000390                z_arm_int_exit
                0x0000000008000390                z_arm_exc_exit
 .text.bus_fault
                0x00000000080003ac       0x8c zephyr/arch/arch/arm/core/cortex_m/libarch__arm__core__cortex_m.a(fault.c.obj)
 .text.usage_fault
                0x0000000008000438       0x64 zephyr/arch/arch/arm/core/cortex_m/libarch__arm__core__cortex_m.a(fault.c.obj)
 .text.z_arm_is_synchronous_svc
                0x000000000800049c       0x3c zephyr/arch/arch/arm/core/cortex_m/libarch__arm__core__cortex_m.a(fault.c.obj)
 .text.mem_manage_fault
                0x00000000080004d8       0xd4 zephyr/arch/arch/arm/core/cortex_m/libarch__arm__core__cortex_m.a(fault.c.obj)
 .text.hard_fault
                0x00000000080005ac       0x78 zephyr/arch/arch/arm/core/cortex_m/libarch__arm__core__cortex_m.a(fault.c.obj)
 .text.z_arm_fault
                0x0000000008000624       0xa4 zephyr/arch/arch/arm/core/cortex_m/libarch__arm__core__cortex_m.a(fault.c.obj)
                0x0000000008000624                z_arm_fault
 .text.z_arm_fault_init
                0x00000000080006c8       0x10 zephyr/arch/arch/arm/core/cortex_m/libarch__arm__core__cortex_m.a(fault.c.obj)
                0x00000000080006c8                z_arm_fault_init
 .text.__fault  0x00000000080006d8       0x14 zephyr/arch/arch/arm/core/cortex_m/libarch__arm__core__cortex_m.a(fault_s.S.obj)
                0x00000000080006d8                z_arm_usage_fault
                0x00000000080006d8                z_arm_mpu_fault
                0x00000000080006d8                z_arm_exc_spurious
                0x00000000080006d8                z_arm_debug_monitor
                0x00000000080006d8                z_arm_hard_fault
                0x00000000080006d8                z_arm_bus_fault
 .text._reset_section
                0x00000000080006ec       0x34 zephyr/arch/arch/arm/core/cortex_m/libarch__arm__core__cortex_m.a(reset.S.obj)
                0x00000000080006ec                __start
                0x00000000080006ec                z_arm_reset
 .text.z_impl_k_thread_abort
                0x0000000008000720       0x34 zephyr/arch/arch/arm/core/cortex_m/libarch__arm__core__cortex_m.a(thread_abort.c.obj)
                0x0000000008000720                z_impl_k_thread_abort
 .text.arch_swap
                0x0000000008000754       0x34 zephyr/arch/arch/arm/core/cortex_m/libarch__arm__core__cortex_m.a(swap.c.obj)
                0x0000000008000754                arch_swap
 .text.z_arm_pendsv
                0x0000000008000788       0x68 zephyr/arch/arch/arm/core/cortex_m/libarch__arm__core__cortex_m.a(swap_helper.S.obj)
                0x0000000008000788                z_arm_pendsv
 .text.z_arm_svc
                0x00000000080007f0       0x20 zephyr/arch/arch/arm/core/cortex_m/libarch__arm__core__cortex_m.a(swap_helper.S.obj)
                0x00000000080007f0                z_arm_svc
 .text.__NVIC_EnableIRQ
                0x0000000008000810       0x1c zephyr/arch/arch/arm/core/cortex_m/libarch__arm__core__cortex_m.a(irq_manage.c.obj)
 .text.__NVIC_SetPriority
                0x000000000800082c       0x28 zephyr/arch/arch/arm/core/cortex_m/libarch__arm__core__cortex_m.a(irq_manage.c.obj)
 .text.z_prep_c
                0x0000000008000854       0x48 zephyr/arch/arch/arm/core/cortex_m/libarch__arm__core__cortex_m.a(prep_c.c.obj)
                0x0000000008000854                z_prep_c
 .text.arch_new_thread
                0x000000000800089c       0x44 zephyr/arch/arch/arm/core/cortex_m/libarch__arm__core__cortex_m.a(thread.c.obj)
                0x000000000800089c                arch_new_thread
 .text.z_check_thread_stack_fail
                0x00000000080008e0       0x48 zephyr/arch/arch/arm/core/cortex_m/libarch__arm__core__cortex_m.a(thread.c.obj)
                0x00000000080008e0                z_check_thread_stack_fail
 .text.arch_switch_to_main_thread
                0x0000000008000928       0x38 zephyr/arch/arch/arm/core/cortex_m/libarch__arm__core__cortex_m.a(thread.c.obj)
                0x0000000008000928                arch_switch_to_main_thread
 .text.z_arm_cpu_idle_init
                0x0000000008000960        0xc zephyr/arch/arch/arm/core/cortex_m/libarch__arm__core__cortex_m.a(cpu_idle.S.obj)
                0x0000000008000960                z_arm_cpu_idle_init
 .text.arch_cpu_idle
                0x000000000800096c       0x1c zephyr/arch/arch/arm/core/cortex_m/libarch__arm__core__cortex_m.a(cpu_idle.S.obj)
                0x000000000800096c                arch_cpu_idle
 .text.z_arm_interrupt_init
                0x0000000008000988       0x34 zephyr/arch/arch/arm/core/cortex_m/libarch__arm__core__cortex_m.a(irq_init.c.obj)
                0x0000000008000988                z_arm_interrupt_init
 .text._isr_wrapper
                0x00000000080009bc       0x28 zephyr/arch/arch/arm/core/cortex_m/libarch__arm__core__cortex_m.a(isr_wrapper.S.obj)
                0x00000000080009bc                _isr_wrapper
 .text.z_arm_configure_static_mpu_regions
                0x00000000080009e4       0x1c zephyr/arch/arch/arm/core/mpu/libarch__arm__core__mpu.a(arm_core_mpu.c.obj)
                0x00000000080009e4                z_arm_configure_static_mpu_regions
 .text.z_arm_configure_dynamic_mpu_regions
                0x0000000008000a00       0x24 zephyr/arch/arch/arm/core/mpu/libarch__arm__core__mpu.a(arm_core_mpu.c.obj)
                0x0000000008000a00                z_arm_configure_dynamic_mpu_regions
 .text.region_init
                0x0000000008000a24       0x28 zephyr/arch/arch/arm/core/mpu/libarch__arm__core__mpu.a(arm_mpu.c.obj)
 .text.region_allocate_and_init
                0x0000000008000a4c       0x28 zephyr/arch/arch/arm/core/mpu/libarch__arm__core__mpu.a(arm_mpu.c.obj)
 .text.mpu_configure_static_mpu_regions
                0x0000000008000a74       0x14 zephyr/arch/arch/arm/core/mpu/libarch__arm__core__mpu.a(arm_mpu.c.obj)
 .text.mpu_configure_dynamic_mpu_regions
                0x0000000008000a88       0x3c zephyr/arch/arch/arm/core/mpu/libarch__arm__core__mpu.a(arm_mpu.c.obj)
 .text.arm_core_mpu_enable
                0x0000000008000ac4       0x18 zephyr/arch/arch/arm/core/mpu/libarch__arm__core__mpu.a(arm_mpu.c.obj)
                0x0000000008000ac4                arm_core_mpu_enable
 .text.arm_core_mpu_disable
                0x0000000008000adc       0x14 zephyr/arch/arch/arm/core/mpu/libarch__arm__core__mpu.a(arm_mpu.c.obj)
                0x0000000008000adc                arm_core_mpu_disable
 .text.z_arm_mpu_init
                0x0000000008000af0       0x80 zephyr/arch/arch/arm/core/mpu/libarch__arm__core__mpu.a(arm_mpu.c.obj)
                0x0000000008000af0                z_arm_mpu_init
 .text.z_impl_zephyr_fputc
                0x0000000008000b70       0x10 zephyr/lib/libc/picolibc/liblib__libc__picolibc.a(libc-hooks.c.obj)
                0x0000000008000b70                z_impl_zephyr_fputc
 .text.__stdout_hook_install
                0x0000000008000b80       0x18 zephyr/lib/libc/picolibc/liblib__libc__picolibc.a(libc-hooks.c.obj)
                0x0000000008000b80                __stdout_hook_install
 .text.malloc_prepare
                0x0000000008000b98       0x24 zephyr/lib/libc/common/liblib__libc__common.a(malloc.c.obj)
 .text.stm32_exti_isr
                0x0000000008000bbc       0x4c zephyr/drivers/interrupt_controller/libdrivers__interrupt_controller.a(intc_exti_stm32.c.obj)
 .text.stm32_fill_irq_table
                0x0000000008000c08       0x24 zephyr/drivers/interrupt_controller/libdrivers__interrupt_controller.a(intc_exti_stm32.c.obj)
 .text.stm32_exti_enable
                0x0000000008000c2c       0x24 zephyr/drivers/interrupt_controller/libdrivers__interrupt_controller.a(intc_exti_stm32.c.obj)
                0x0000000008000c2c                stm32_exti_enable
 .text.stm32_exti_disable
                0x0000000008000c50       0x18 zephyr/drivers/interrupt_controller/libdrivers__interrupt_controller.a(intc_exti_stm32.c.obj)
                0x0000000008000c50                stm32_exti_disable
 .text.stm32_exti_trigger
                0x0000000008000c68       0x68 zephyr/drivers/interrupt_controller/libdrivers__interrupt_controller.a(intc_exti_stm32.c.obj)
                0x0000000008000c68                stm32_exti_trigger
 .text.stm32_exti_set_callback
                0x0000000008000cd0       0x3c zephyr/drivers/interrupt_controller/libdrivers__interrupt_controller.a(intc_exti_stm32.c.obj)
                0x0000000008000cd0                stm32_exti_set_callback
 .text.stm32_exti_unset_callback
                0x0000000008000d0c       0x14 zephyr/drivers/interrupt_controller/libdrivers__interrupt_controller.a(intc_exti_stm32.c.obj)
                0x0000000008000d0c                stm32_exti_unset_callback
 .text.stm32_clock_switch_to_hsi
                0x0000000008000d20       0x38 zephyr/drivers/clock_control/libdrivers__clock_control.a(clock_stm32_ll_common.c.obj)
 .text.set_up_fixed_clock_sources
                0x0000000008000d58       0x38 zephyr/drivers/clock_control/libdrivers__clock_control.a(clock_stm32_ll_common.c.obj)
 .text.set_up_plls
                0x0000000008000d90       0x44 zephyr/drivers/clock_control/libdrivers__clock_control.a(clock_stm32_ll_common.c.obj)
 .text.stm32_clock_control_init
                0x0000000008000dd4       0x94 zephyr/drivers/clock_control/libdrivers__clock_control.a(clock_stm32_ll_common.c.obj)
                0x0000000008000dd4                stm32_clock_control_init
 .text.stm32_clock_control_get_subsys_rate
                0x0000000008000e68       0x9c zephyr/drivers/clock_control/libdrivers__clock_control.a(clock_stm32_ll_common.c.obj)
 .text.config_pll_sysclock
                0x0000000008000f04       0x1c zephyr/drivers/clock_control/libdrivers__clock_control.a(clock_stm32f0_f3.c.obj)
                0x0000000008000f04                config_pll_sysclock
 .text.get_pllout_frequency
                0x0000000008000f20       0x28 zephyr/drivers/clock_control/libdrivers__clock_control.a(clock_stm32f0_f3.c.obj)
                0x0000000008000f20                get_pllout_frequency
 .text.config_enable_default_clocks
                0x0000000008000f48       0x20 zephyr/drivers/clock_control/libdrivers__clock_control.a(clock_stm32f0_f3.c.obj)
                0x0000000008000f48                config_enable_default_clocks
 .text.console_out
                0x0000000008000f68       0x28 zephyr/drivers/console/libdrivers__console.a(uart_console.c.obj)
 .text.uart_console_hook_install
                0x0000000008000f90       0x18 zephyr/drivers/console/libdrivers__console.a(uart_console.c.obj)
 .text.uart_console_init
                0x0000000008000fa8       0x1c zephyr/drivers/console/libdrivers__console.a(uart_console.c.obj)
 .text.gpio_stm32_clock_request
                0x0000000008000fc4       0x28 zephyr/drivers/gpio/libdrivers__gpio.a(gpio_stm32.c.obj)
 .text.LL_SYSCFG_SetEXTISource
                0x0000000008000fec       0x38 zephyr/drivers/gpio/libdrivers__gpio.a(gpio_stm32.c.obj)
 .text.gpio_stm32_enable_int
                0x0000000008001024       0x3c zephyr/drivers/gpio/libdrivers__gpio.a(gpio_stm32.c.obj)
 .text.LL_SYSCFG_GetEXTISource
                0x0000000008001060       0x28 zephyr/drivers/gpio/libdrivers__gpio.a(gpio_stm32.c.obj)
 .text.gpio_stm32_pin_interrupt_configure
                0x0000000008001088       0x94 zephyr/drivers/gpio/libdrivers__gpio.a(gpio_stm32.c.obj)
 .text.gpio_stm32_init
                0x000000000800111c       0x2c zephyr/drivers/gpio/libdrivers__gpio.a(gpio_stm32.c.obj)
 .text.stm32_pin_configure
                0x0000000008001148       0x40 zephyr/drivers/pinctrl/libdrivers__pinctrl.a(pinctrl_stm32.c.obj)
 .text.uart_stm32_configure
                0x0000000008001188      0x148 zephyr/drivers/serial/libdrivers__serial.a(uart_stm32.c.obj)
 .text.uart_stm32_poll_in
                0x00000000080012d0       0x10 zephyr/drivers/serial/libdrivers__serial.a(uart_stm32.c.obj)
 .text.uart_stm32_poll_out
                0x00000000080012e0       0x1c zephyr/drivers/serial/libdrivers__serial.a(uart_stm32.c.obj)
 .text.uart_stm32_clocks_enable
                0x00000000080012fc       0x28 zephyr/drivers/serial/libdrivers__serial.a(uart_stm32.c.obj)
 .text.uart_stm32_registers_configure
                0x0000000008001324      0x10c zephyr/drivers/serial/libdrivers__serial.a(uart_stm32.c.obj)
 .text.elapsed  0x0000000008001430       0x48 zephyr/drivers/timer/libdrivers__timer.a(cortex_m_systick.c.obj)
 .text.sys_clock_driver_init
                0x0000000008001478       0x38 zephyr/drivers/timer/libdrivers__timer.a(cortex_m_systick.c.obj)
 .text.sys_clock_isr
                0x00000000080014b0       0x5c zephyr/drivers/timer/libdrivers__timer.a(cortex_m_systick.c.obj)
                0x00000000080014b0                sys_clock_isr
 .text.sys_clock_set_timeout
                0x000000000800150c      0x128 zephyr/drivers/timer/libdrivers__timer.a(cortex_m_systick.c.obj)
                0x000000000800150c                sys_clock_set_timeout
 .text.sys_clock_elapsed
                0x0000000008001634       0x40 zephyr/drivers/timer/libdrivers__timer.a(cortex_m_systick.c.obj)
                0x0000000008001634                sys_clock_elapsed
 .text.HAL_RCC_GetSysClockFreq
                0x0000000008001674       0x7c modules/stm32/stm32cube/lib..__modules__hal__stm32__stm32cube.a(stm32f3xx_hal_rcc.c.obj)
                0x0000000008001674                HAL_RCC_GetSysClockFreq
 .text.LL_SetFlashLatency
                0x00000000080016f0       0x54 modules/stm32/stm32cube/lib..__modules__hal__stm32__stm32cube.a(stm32f3xx_ll_utils.c.obj)
                0x00000000080016f0                LL_SetFlashLatency
 .text.z_device_state_init
                0x0000000008001744       0x18 zephyr/kernel/libkernel.a(device.c.obj)
                0x0000000008001744                z_device_state_init
 .text.z_fatal_error
                0x000000000800175c       0x30 zephyr/kernel/libkernel.a(fatal.c.obj)
                0x000000000800175c                z_fatal_error
 .text.z_sys_init_run_level
                0x000000000800178c       0x58 zephyr/kernel/libkernel.a(init.c.obj)
 .text.init_idle_thread
                0x00000000080017e4       0x60 zephyr/kernel/libkernel.a(init.c.obj)
 .text.bg_thread_main
                0x0000000008001844       0x34 zephyr/kernel/libkernel.a(init.c.obj)
 .text.switch_to_main_thread
                0x0000000008001878       0x14 zephyr/kernel/libkernel.a(init.c.obj)
 .text.z_bss_zero
                0x000000000800188c       0x18 zephyr/kernel/libkernel.a(init.c.obj)
                0x000000000800188c                z_bss_zero
 .text.z_init_cpu
                0x00000000080018a4       0x60 zephyr/kernel/libkernel.a(init.c.obj)
                0x00000000080018a4                z_init_cpu
 .text.prepare_multithreading
                0x0000000008001904       0x60 zephyr/kernel/libkernel.a(init.c.obj)
 .text.z_cstart
                0x0000000008001964       0x88 zephyr/kernel/libkernel.a(init.c.obj)
                0x0000000008001964                z_cstart
 .text.z_thread_monitor_exit
                0x00000000080019ec       0x40 zephyr/kernel/libkernel.a(thread.c.obj)
                0x00000000080019ec                z_thread_monitor_exit
 .text.schedule_new_thread
                0x0000000008001a2c       0x1c zephyr/kernel/libkernel.a(thread.c.obj)
 .text.z_setup_new_thread
                0x0000000008001a48       0xc8 zephyr/kernel/libkernel.a(thread.c.obj)
                0x0000000008001a48                z_setup_new_thread
 .text.z_init_static_threads
                0x0000000008001b10       0x70 zephyr/kernel/libkernel.a(thread.c.obj)
                0x0000000008001b10                z_init_static_threads
 .text.sliceable
                0x0000000008001b80       0x4c zephyr/kernel/libkernel.a(sched.c.obj)
 .text.slice_timeout
                0x0000000008001bcc       0x20 zephyr/kernel/libkernel.a(sched.c.obj)
 .text.z_reset_time_slice
                0x0000000008001bec       0x50 zephyr/kernel/libkernel.a(sched.c.obj)
                0x0000000008001bec                z_reset_time_slice
 .text.z_reschedule
                0x0000000008001c3c       0x2c zephyr/kernel/libkernel.a(sched.c.obj)
                0x0000000008001c3c                z_reschedule
 .text.z_reschedule_irqlock
                0x0000000008001c68       0x2c zephyr/kernel/libkernel.a(sched.c.obj)
                0x0000000008001c68                z_reschedule_irqlock
 .text.k_sched_lock
                0x0000000008001c94       0x34 zephyr/kernel/libkernel.a(sched.c.obj)
                0x0000000008001c94                k_sched_lock
 .text.update_cache
                0x0000000008001cc8       0x50 zephyr/kernel/libkernel.a(sched.c.obj)
 .text.move_thread_to_end_of_prio_q
                0x0000000008001d18       0x8c zephyr/kernel/libkernel.a(sched.c.obj)
 .text.z_time_slice
                0x0000000008001da4       0x74 zephyr/kernel/libkernel.a(sched.c.obj)
                0x0000000008001da4                z_time_slice
 .text.ready_thread
                0x0000000008001e18       0x78 zephyr/kernel/libkernel.a(sched.c.obj)
 .text.z_sched_start
                0x0000000008001e90       0x3c zephyr/kernel/libkernel.a(sched.c.obj)
                0x0000000008001e90                z_sched_start
 .text.unready_thread
                0x0000000008001ecc       0x38 zephyr/kernel/libkernel.a(sched.c.obj)
 .text.k_sched_unlock
                0x0000000008001f04       0x40 zephyr/kernel/libkernel.a(sched.c.obj)
                0x0000000008001f04                k_sched_unlock
 .text.halt_thread
                0x0000000008001f44       0x64 zephyr/kernel/libkernel.a(sched.c.obj)
 .text.z_thread_halt
                0x0000000008001fa8       0x3c zephyr/kernel/libkernel.a(sched.c.obj)
 .text.z_sched_init
                0x0000000008001fe4       0x10 zephyr/kernel/libkernel.a(sched.c.obj)
                0x0000000008001fe4                z_sched_init
 .text.z_impl_k_yield
                0x0000000008001ff4       0x8c zephyr/kernel/libkernel.a(sched.c.obj)
                0x0000000008001ff4                z_impl_k_yield
 .text.z_tick_sleep
                0x0000000008002080       0x98 zephyr/kernel/libkernel.a(sched.c.obj)
 .text.z_impl_k_sleep
                0x0000000008002118       0x70 zephyr/kernel/libkernel.a(sched.c.obj)
                0x0000000008002118                z_impl_k_sleep
 .text.z_impl_k_sched_current_thread_query
                0x0000000008002188        0xc zephyr/kernel/libkernel.a(sched.c.obj)
                0x0000000008002188                z_impl_k_sched_current_thread_query
 .text.z_data_copy
                0x0000000008002194       0x34 zephyr/kernel/libkernel.a(xip.c.obj)
                0x0000000008002194                z_data_copy
 .text.first    0x00000000080021c8       0x14 zephyr/kernel/libkernel.a(timeout.c.obj)
 .text.next     0x00000000080021dc       0x18 zephyr/kernel/libkernel.a(timeout.c.obj)
 .text.elapsed  0x00000000080021f4       0x18 zephyr/kernel/libkernel.a(timeout.c.obj)
 .text.z_add_timeout
                0x000000000800220c      0x100 zephyr/kernel/libkernel.a(timeout.c.obj)
                0x000000000800220c                z_add_timeout
 .text.sys_clock_announce
                0x000000000800230c       0xc8 zephyr/kernel/libkernel.a(timeout.c.obj)
                0x000000000800230c                sys_clock_announce
 .text.sys_clock_tick_get
                0x00000000080023d4       0x40 zephyr/kernel/libkernel.a(timeout.c.obj)
                0x00000000080023d4                sys_clock_tick_get
 .text.boot_banner
                0x0000000008002414       0x10 zephyr/kernel/libkernel.a(banner.c.obj)
                0x0000000008002414                boot_banner
 .text.__l_vfprintf
                0x0000000008002424      0x4b8 c:\users\luanol~1\zephyr~2\toolch~1\zephyr~1.8\arm-ze~1\bin\../lib/gcc/../../picolibc/arm-zephyr-eabi/lib/thumb/v7e-m/nofp\libc.a(libc_tinystdio_vflprintf.c.o)
                0x0000000008002424                __l_vfprintf
 .text._OffsetAbsSyms
                0x00000000080028dc        0x2 zephyr/CMakeFiles/offsets.dir/./arch/arm/core/offsets/offsets.c.obj
                0x00000000080028dc                _OffsetAbsSyms
 .text.z_impl_gpio_pin_interrupt_configure
                0x00000000080028de       0x30 app/libapp.a(main.c.obj)
 .text.z_impl_gpio_pin_configure
                0x000000000800290e       0x50 app/libapp.a(main.c.obj)
 .text.gpio_pin_configure_dt
                0x000000000800295e       0x16 app/libapp.a(main.c.obj)
 .text.gpio_port_get
                0x0000000008002974       0x18 app/libapp.a(main.c.obj)
 .text.gpio_pin_get
                0x000000000800298c       0x20 app/libapp.a(main.c.obj)
 .text.gpio_pin_set_raw
                0x00000000080029ac       0x20 app/libapp.a(main.c.obj)
 .text.gpio_pin_set
                0x00000000080029cc       0x1a app/libapp.a(main.c.obj)
 .text.gpio_add_callback
                0x00000000080029e6       0x14 app/libapp.a(main.c.obj)
 .text.botao_pressionado
                0x00000000080029fa        0x2 app/libapp.a(main.c.obj)
                0x00000000080029fa                botao_pressionado
 .text.k_msleep
                0x00000000080029fc       0x20 app/libapp.a(main.c.obj)
 .text.free_list_add_bidx
                0x0000000008002a1c       0x4e zephyr/libzephyr.a(heap.c.obj)
 .text.free_list_add
                0x0000000008002a6a       0x18 zephyr/libzephyr.a(heap.c.obj)
 .text.sys_heap_init
                0x0000000008002a82       0x84 zephyr/libzephyr.a(heap.c.obj)
                0x0000000008002a82                sys_heap_init
 .text.arch_printk_char_out
                0x0000000008002b06        0x4 zephyr/libzephyr.a(printk.c.obj)
                0x0000000008002b06                arch_printk_char_out
 .text.printk   0x0000000008002b0a       0x1c zephyr/libzephyr.a(printk.c.obj)
                0x0000000008002b0a                printk
 .text._ConfigAbsSyms
                0x0000000008002b26        0x2 zephyr/libzephyr.a(configs.c.obj)
                0x0000000008002b26                _ConfigAbsSyms
 .text.z_arm_fatal_error
                0x0000000008002b28        0x8 zephyr/arch/arch/arm/core/libarch__arm__core.a(fatal.c.obj)
                0x0000000008002b28                z_arm_fatal_error
 .text.z_do_kernel_oops
                0x0000000008002b30        0xc zephyr/arch/arch/arm/core/libarch__arm__core.a(fatal.c.obj)
                0x0000000008002b30                z_do_kernel_oops
 .text.memory_fault_recoverable
                0x0000000008002b3c        0x4 zephyr/arch/arch/arm/core/cortex_m/libarch__arm__core__cortex_m.a(fault.c.obj)
 .text.debug_monitor
                0x0000000008002b40        0x6 zephyr/arch/arch/arm/core/cortex_m/libarch__arm__core__cortex_m.a(fault.c.obj)
 .text.fault_handle
                0x0000000008002b46       0x46 zephyr/arch/arch/arm/core/cortex_m/libarch__arm__core__cortex_m.a(fault.c.obj)
 .text.arch_irq_enable
                0x0000000008002b8c        0xa zephyr/arch/arch/arm/core/cortex_m/libarch__arm__core__cortex_m.a(irq_manage.c.obj)
                0x0000000008002b8c                arch_irq_enable
 .text.z_arm_irq_priority_set
                0x0000000008002b96        0xc zephyr/arch/arch/arm/core/cortex_m/libarch__arm__core__cortex_m.a(irq_manage.c.obj)
                0x0000000008002b96                z_arm_irq_priority_set
 .text.z_irq_spurious
                0x0000000008002ba2        0xc zephyr/arch/arch/arm/core/cortex_m/libarch__arm__core__cortex_m.a(irq_manage.c.obj)
                0x0000000008002ba2                z_irq_spurious
 .text.mpu_partition_is_valid
                0x0000000008002bae       0x22 zephyr/arch/arch/arm/core/mpu/libarch__arm__core__mpu.a(arm_mpu.c.obj)
 .text.mpu_configure_region
                0x0000000008002bd0       0x3e zephyr/arch/arch/arm/core/mpu/libarch__arm__core__mpu.a(arm_mpu.c.obj)
 .text.mpu_configure_regions
                0x0000000008002c0e       0x50 zephyr/arch/arch/arm/core/mpu/libarch__arm__core__mpu.a(arm_mpu.c.obj)
 .text.mpu_configure_regions_from_dt
                0x0000000008002c5e      0x1b2 zephyr/arch/arch/arm/core/mpu/libarch__arm__core__mpu.a(arm_mpu.c.obj)
 .text.arm_core_mpu_configure_static_mpu_regions
                0x0000000008002e10        0x8 zephyr/arch/arch/arm/core/mpu/libarch__arm__core__mpu.a(arm_mpu.c.obj)
                0x0000000008002e10                arm_core_mpu_configure_static_mpu_regions
 .text.arm_core_mpu_configure_dynamic_mpu_regions
                0x0000000008002e18        0x8 zephyr/arch/arch/arm/core/mpu/libarch__arm__core__mpu.a(arm_mpu.c.obj)
                0x0000000008002e18                arm_core_mpu_configure_dynamic_mpu_regions
 .text.picolibc_put
                0x0000000008002e20        0xa zephyr/lib/libc/picolibc/liblib__libc__picolibc.a(libc-hooks.c.obj)
 .text.stm32_exti_init
                0x0000000008002e2a       0x92 zephyr/drivers/interrupt_controller/libdrivers__interrupt_controller.a(intc_exti_stm32.c.obj)
 .text.get_bus_clock
                0x0000000008002ebc        0x6 zephyr/drivers/clock_control/libdrivers__clock_control.a(clock_stm32_ll_common.c.obj)
 .text.enabled_clock
                0x0000000008002ec2       0x1e zephyr/drivers/clock_control/libdrivers__clock_control.a(clock_stm32_ll_common.c.obj)
 .text.stm32_clock_control_on
                0x0000000008002ee0       0x24 zephyr/drivers/clock_control/libdrivers__clock_control.a(clock_stm32_ll_common.c.obj)
 .text.stm32_clock_control_off
                0x0000000008002f04       0x26 zephyr/drivers/clock_control/libdrivers__clock_control.a(clock_stm32_ll_common.c.obj)
 .text.stm32_clock_control_configure
                0x0000000008002f2a       0x54 zephyr/drivers/clock_control/libdrivers__clock_control.a(clock_stm32_ll_common.c.obj)
 .text.stm32_clock_control_get_status
                0x0000000008002f7e       0x32 zephyr/drivers/clock_control/libdrivers__clock_control.a(clock_stm32_ll_common.c.obj)
 .text.sys_slist_remove
                0x0000000008002fb0       0x26 zephyr/drivers/gpio/libdrivers__gpio.a(gpio_stm32.c.obj)
 .text.sys_slist_find_and_remove
                0x0000000008002fd6       0x20 zephyr/drivers/gpio/libdrivers__gpio.a(gpio_stm32.c.obj)
 .text.gpio_manage_callback
                0x0000000008002ff6       0x3e zephyr/drivers/gpio/libdrivers__gpio.a(gpio_stm32.c.obj)
 .text.gpio_fire_callbacks
                0x0000000008003034       0x40 zephyr/drivers/gpio/libdrivers__gpio.a(gpio_stm32.c.obj)
 .text.gpio_stm32_isr
                0x0000000008003074       0x14 zephyr/drivers/gpio/libdrivers__gpio.a(gpio_stm32.c.obj)
 .text.gpio_stm32_flags_to_conf
                0x0000000008003088       0x7e zephyr/drivers/gpio/libdrivers__gpio.a(gpio_stm32.c.obj)
 .text.gpio_stm32_port_get_raw
                0x0000000008003106        0xc zephyr/drivers/gpio/libdrivers__gpio.a(gpio_stm32.c.obj)
 .text.gpio_stm32_port_set_masked_raw
                0x0000000008003112       0x12 zephyr/drivers/gpio/libdrivers__gpio.a(gpio_stm32.c.obj)
 .text.gpio_stm32_port_set_bits_raw
                0x0000000008003124        0xa zephyr/drivers/gpio/libdrivers__gpio.a(gpio_stm32.c.obj)
 .text.gpio_stm32_port_clear_bits_raw
                0x000000000800312e        0xa zephyr/drivers/gpio/libdrivers__gpio.a(gpio_stm32.c.obj)
 .text.gpio_stm32_port_toggle_bits
                0x0000000008003138        0xe zephyr/drivers/gpio/libdrivers__gpio.a(gpio_stm32.c.obj)
 .text.gpio_stm32_manage_callback
                0x0000000008003146        0xc zephyr/drivers/gpio/libdrivers__gpio.a(gpio_stm32.c.obj)
 .text.LL_GPIO_SetPinMode
                0x0000000008003152       0x3a zephyr/drivers/gpio/libdrivers__gpio.a(gpio_stm32.c.obj)
 .text.LL_GPIO_SetPinSpeed
                0x000000000800318c       0x3a zephyr/drivers/gpio/libdrivers__gpio.a(gpio_stm32.c.obj)
 .text.LL_GPIO_SetPinPull
                0x00000000080031c6       0x3a zephyr/drivers/gpio/libdrivers__gpio.a(gpio_stm32.c.obj)
 .text.LL_GPIO_SetAFPin_0_7
                0x0000000008003200       0x3a zephyr/drivers/gpio/libdrivers__gpio.a(gpio_stm32.c.obj)
 .text.LL_GPIO_SetAFPin_8_15
                0x000000000800323a       0x3c zephyr/drivers/gpio/libdrivers__gpio.a(gpio_stm32.c.obj)
 .text.gpio_stm32_configure_raw
                0x0000000008003276       0x70 zephyr/drivers/gpio/libdrivers__gpio.a(gpio_stm32.c.obj)
 .text.gpio_stm32_config
                0x00000000080032e6       0x52 zephyr/drivers/gpio/libdrivers__gpio.a(gpio_stm32.c.obj)
 .text.gpio_stm32_set_exti_source
                0x0000000008003338       0x2e zephyr/drivers/gpio/libdrivers__gpio.a(gpio_stm32.c.obj)
 .text.gpio_stm32_get_exti_source
                0x0000000008003366       0x2e zephyr/drivers/gpio/libdrivers__gpio.a(gpio_stm32.c.obj)
 .text.gpio_stm32_configure
                0x0000000008003394       0x38 zephyr/drivers/gpio/libdrivers__gpio.a(gpio_stm32.c.obj)
                0x0000000008003394                gpio_stm32_configure
 .text.pinctrl_lookup_state
                0x00000000080033cc       0x32 zephyr/drivers/pinctrl/libdrivers__pinctrl.a(common.c.obj)
                0x00000000080033cc                pinctrl_lookup_state
 .text.pinctrl_configure_pins
                0x00000000080033fe       0x5c zephyr/drivers/pinctrl/libdrivers__pinctrl.a(pinctrl_stm32.c.obj)
                0x00000000080033fe                pinctrl_configure_pins
 .text.reset_stm32_status
                0x000000000800345a       0x20 zephyr/drivers/reset/libdrivers__reset.a(reset_stm32.c.obj)
 .text.reset_stm32_line_assert
                0x000000000800347a       0x1e zephyr/drivers/reset/libdrivers__reset.a(reset_stm32.c.obj)
 .text.reset_stm32_line_deassert
                0x0000000008003498       0x20 zephyr/drivers/reset/libdrivers__reset.a(reset_stm32.c.obj)
 .text.reset_stm32_line_toggle
                0x00000000080034b8       0x16 zephyr/drivers/reset/libdrivers__reset.a(reset_stm32.c.obj)
 .text.reset_line_toggle
                0x00000000080034ce       0x12 zephyr/drivers/serial/libdrivers__serial.a(uart_stm32.c.obj)
 .text.uart_stm32_set_baudrate
                0x00000000080034e0       0x3a zephyr/drivers/serial/libdrivers__serial.a(uart_stm32.c.obj)
 .text.uart_stm32_set_driver_enable
                0x000000000800351a       0x1c zephyr/drivers/serial/libdrivers__serial.a(uart_stm32.c.obj)
 .text.uart_stm32_ll2cfg_databits
                0x0000000008003536       0x2a zephyr/drivers/serial/libdrivers__serial.a(uart_stm32.c.obj)
 .text.uart_stm32_parameters_set
                0x0000000008003560      0x160 zephyr/drivers/serial/libdrivers__serial.a(uart_stm32.c.obj)
 .text.uart_stm32_config_get
                0x00000000080036c0       0x9a zephyr/drivers/serial/libdrivers__serial.a(uart_stm32.c.obj)
 .text.uart_stm32_poll_in_visitor
                0x000000000800375a       0x28 zephyr/drivers/serial/libdrivers__serial.a(uart_stm32.c.obj)
 .text.uart_stm32_poll_out_visitor
                0x0000000008003782       0x3e zephyr/drivers/serial/libdrivers__serial.a(uart_stm32.c.obj)
 .text.poll_in_u8
                0x00000000080037c0        0x8 zephyr/drivers/serial/libdrivers__serial.a(uart_stm32.c.obj)
 .text.poll_out_u8
                0x00000000080037c8        0x8 zephyr/drivers/serial/libdrivers__serial.a(uart_stm32.c.obj)
 .text.uart_stm32_err_check
                0x00000000080037d0       0x7c zephyr/drivers/serial/libdrivers__serial.a(uart_stm32.c.obj)
 .text.pinctrl_apply_state
                0x000000000800384c       0x20 zephyr/drivers/serial/libdrivers__serial.a(uart_stm32.c.obj)
 .text.uart_stm32_init
                0x000000000800386c       0x28 zephyr/drivers/serial/libdrivers__serial.a(uart_stm32.c.obj)
 .text.z_device_is_ready
                0x0000000008003894       0x20 zephyr/kernel/libkernel.a(device.c.obj)
                0x0000000008003894                z_device_is_ready
 .text.arch_system_halt
                0x00000000080038b4       0x12 zephyr/kernel/libkernel.a(fatal.c.obj)
                0x00000000080038b4                arch_system_halt
 .text.k_sys_fatal_error_handler
                0x00000000080038c6        0x6 zephyr/kernel/libkernel.a(fatal.c.obj)
                0x00000000080038c6                k_sys_fatal_error_handler
 .text.z_early_memset
                0x00000000080038cc        0x8 zephyr/kernel/libkernel.a(init.c.obj)
                0x00000000080038cc                z_early_memset
 .text.z_early_memcpy
                0x00000000080038d4        0x8 zephyr/kernel/libkernel.a(init.c.obj)
                0x00000000080038d4                z_early_memcpy
 .text.setup_thread_stack
                0x00000000080038dc       0x40 zephyr/kernel/libkernel.a(thread.c.obj)
 .text.z_impl_k_thread_start
                0x000000000800391c        0x8 zephyr/kernel/libkernel.a(thread.c.obj)
                0x000000000800391c                z_impl_k_thread_start
 .text.z_init_thread_base
                0x0000000008003924       0x16 zephyr/kernel/libkernel.a(thread.c.obj)
                0x0000000008003924                z_init_thread_base
 .text.thread_active_elsewhere
                0x000000000800393a        0x4 zephyr/kernel/libkernel.a(sched.c.obj)
 .text.pended_on_thread
                0x000000000800393e        0x4 zephyr/kernel/libkernel.a(sched.c.obj)
 .text.z_sched_prio_cmp
                0x0000000008003942       0x14 zephyr/kernel/libkernel.a(sched.c.obj)
                0x0000000008003942                z_sched_prio_cmp
 .text.z_reschedule_unlocked
                0x0000000008003956       0x18 zephyr/kernel/libkernel.a(sched.c.obj)
 .text.z_priq_dumb_remove
                0x000000000800396e       0x10 zephyr/kernel/libkernel.a(sched.c.obj)
                0x000000000800396e                z_priq_dumb_remove
 .text.unpend_thread_no_timeout
                0x000000000800397e       0x1c zephyr/kernel/libkernel.a(sched.c.obj)
 .text.z_priq_dumb_best
                0x000000000800399a        0xe zephyr/kernel/libkernel.a(sched.c.obj)
                0x000000000800399a                z_priq_dumb_best
 .text.z_ready_thread
                0x00000000080039a8       0x38 zephyr/kernel/libkernel.a(sched.c.obj)
                0x00000000080039a8                z_ready_thread
 .text.unpend_all
                0x00000000080039e0       0x2a zephyr/kernel/libkernel.a(sched.c.obj)
 .text.z_sched_wake_thread
                0x0000000008003a0a       0x54 zephyr/kernel/libkernel.a(sched.c.obj)
                0x0000000008003a0a                z_sched_wake_thread
 .text.z_thread_timeout
                0x0000000008003a5e        0xc zephyr/kernel/libkernel.a(sched.c.obj)
                0x0000000008003a5e                z_thread_timeout
 .text.z_impl_k_thread_suspend
                0x0000000008003a6a       0x36 zephyr/kernel/libkernel.a(sched.c.obj)
                0x0000000008003a6a                z_impl_k_thread_suspend
 .text.init_ready_q
                0x0000000008003aa0        0x8 zephyr/kernel/libkernel.a(sched.c.obj)
                0x0000000008003aa0                init_ready_q
 .text.z_thread_abort
                0x0000000008003aa8       0x4a zephyr/kernel/libkernel.a(sched.c.obj)
                0x0000000008003aa8                z_thread_abort
 .text.idle     0x0000000008003af2       0x18 zephyr/kernel/libkernel.a(idle.c.obj)
                0x0000000008003af2                idle
 .text.remove_timeout
                0x0000000008003b0a       0x2e zephyr/kernel/libkernel.a(timeout.c.obj)
 .text.next_timeout
                0x0000000008003b38       0x3a zephyr/kernel/libkernel.a(timeout.c.obj)
 .text.z_abort_timeout
                0x0000000008003b72       0x3c zephyr/kernel/libkernel.a(timeout.c.obj)
                0x0000000008003b72                z_abort_timeout
 .text.sys_clock_tick_get_32
                0x0000000008003bae        0x8 zephyr/kernel/libkernel.a(timeout.c.obj)
                0x0000000008003bae                sys_clock_tick_get_32
 .text.strncpy  0x0000000008003bb6       0x20 c:\users\luanol~1\zephyr~2\toolch~1\zephyr~1.8\arm-ze~1\bin\../lib/gcc/../../picolibc/arm-zephyr-eabi/lib/thumb/v7e-m/nofp\libc.a(libc_string_strncpy.c.o)
                0x0000000008003bb6                strncpy
 .text.strnlen  0x0000000008003bd6       0x18 c:\users\luanol~1\zephyr~2\toolch~1\zephyr~1.8\arm-ze~1\bin\../lib/gcc/../../picolibc/arm-zephyr-eabi/lib/thumb/v7e-m/nofp\libc.a(libc_string_strnlen.c.o)
                0x0000000008003bd6                strnlen
 .text.__ultoa_invert
                0x0000000008003bee       0xae c:\users\luanol~1\zephyr~2\toolch~1\zephyr~1.8\arm-ze~1\bin\../lib/gcc/../../picolibc/arm-zephyr-eabi/lib/thumb/v7e-m/nofp\libc.a(libc_tinystdio_vflprintf.c.o)
 .text.memcpy   0x0000000008003c9c       0x1c c:\users\luanol~1\zephyr~2\toolch~1\zephyr~1.8\arm-ze~1\bin\../lib/gcc/../../picolibc/arm-zephyr-eabi/lib/thumb/v7e-m/nofp\libc.a(memcpy.c.o)
                0x0000000008003c9c                __aeabi_memcpy
                0x0000000008003c9c                __aeabi_memcpy4
                0x0000000008003c9c                __aeabi_memcpy8
                0x0000000008003c9c                memcpy
 .text.memset   0x0000000008003cb8       0x10 c:\users\luanol~1\zephyr~2\toolch~1\zephyr~1.8\arm-ze~1\bin\../lib/gcc/../../picolibc/arm-zephyr-eabi/lib/thumb/v7e-m/nofp\libc.a(memset.c.o)
                0x0000000008003cb8                memset
 *(SORT_BY_ALIGNMENT(.TEXT.*))
 .TEXT.__aeabi_read_tp
                0x0000000008003cc8        0xc zephyr/arch/arch/arm/core/cortex_m/libarch__arm__core__cortex_m.a(__aeabi_read_tp.S.obj)
                0x0000000008003cc8                __aeabi_read_tp
 *(SORT_BY_ALIGNMENT(.gnu.linkonce.t.*))
 *(SORT_BY_ALIGNMENT(.glue_7t))
 .glue_7t       0x0000000008003cd4        0x0 linker stubs
 *(SORT_BY_ALIGNMENT(.glue_7))
 .glue_7        0x0000000008003cd4        0x0 linker stubs
 *(SORT_BY_ALIGNMENT(.vfp11_veneer))
 .vfp11_veneer  0x0000000008003cd4        0x0 linker stubs
 *(SORT_BY_ALIGNMENT(.v4_bx))
 .v4_bx         0x0000000008003cd4        0x0 linker stubs
                0x0000000008003cd4                . = ALIGN (0x4)
                0x0000000008003cd4                __text_region_end = .

.ARM.exidx      0x0000000008003cd4        0x0
                0x0000000008003cd4                __exidx_start = .
 *(SORT_BY_ALIGNMENT(.ARM.exidx*) SORT_BY_ALIGNMENT(gnu.linkonce.armexidx.*))
                0x0000000008003cd4                __exidx_end = .
                0x0000000008003cd4                __rodata_region_start = .

initlevel       0x0000000008003cd4       0x80
                0x0000000008003cd4                __init_start = .
                0x0000000008003cd4                __init_EARLY_start = .
 *(SORT_BY_NAME(SORT_BY_ALIGNMENT(.z_init_EARLY?_*)))
 *(SORT_BY_NAME(SORT_BY_ALIGNMENT(.z_init_EARLY??_*)))
                0x0000000008003cd4                __init_PRE_KERNEL_1_start = .
 *(SORT_BY_NAME(SORT_BY_ALIGNMENT(.z_init_PRE_KERNEL_1?_*)))
 .z_init_PRE_KERNEL_10_0_
                0x0000000008003cd4        0x8 zephyr/libzephyr.a(soc.c.obj)
 .z_init_PRE_KERNEL_11_00009_
                0x0000000008003cdc        0x8 zephyr/drivers/clock_control/libdrivers__clock_control.a(clock_stm32_ll_common.c.obj)
 .z_init_PRE_KERNEL_11_0_
                0x0000000008003ce4        0x8 zephyr/libzephyr.a(soc_config.c.obj)
 *(SORT_BY_NAME(SORT_BY_ALIGNMENT(.z_init_PRE_KERNEL_1??_*)))
 .z_init_PRE_KERNEL_135_00045_
                0x0000000008003cec        0x8 zephyr/drivers/reset/libdrivers__reset.a(reset_stm32.c.obj)
 .z_init_PRE_KERNEL_140_00029_
                0x0000000008003cf4        0x8 zephyr/drivers/gpio/libdrivers__gpio.a(gpio_stm32.c.obj)
 .z_init_PRE_KERNEL_140_00032_
                0x0000000008003cfc        0x8 zephyr/drivers/gpio/libdrivers__gpio.a(gpio_stm32.c.obj)
 .z_init_PRE_KERNEL_140_00042_
                0x0000000008003d04        0x8 zephyr/drivers/interrupt_controller/libdrivers__interrupt_controller.a(intc_exti_stm32.c.obj)
 .z_init_PRE_KERNEL_140_00066_
                0x0000000008003d0c        0x8 zephyr/drivers/gpio/libdrivers__gpio.a(gpio_stm32.c.obj)
 .z_init_PRE_KERNEL_140_00067_
                0x0000000008003d14        0x8 zephyr/drivers/gpio/libdrivers__gpio.a(gpio_stm32.c.obj)
 .z_init_PRE_KERNEL_140_00068_
                0x0000000008003d1c        0x8 zephyr/drivers/gpio/libdrivers__gpio.a(gpio_stm32.c.obj)
 .z_init_PRE_KERNEL_140_00069_
                0x0000000008003d24        0x8 zephyr/drivers/gpio/libdrivers__gpio.a(gpio_stm32.c.obj)
 .z_init_PRE_KERNEL_155_00046_
                0x0000000008003d2c        0x8 zephyr/drivers/serial/libdrivers__serial.a(uart_stm32.c.obj)
 .z_init_PRE_KERNEL_155_00052_
                0x0000000008003d34        0x8 zephyr/drivers/serial/libdrivers__serial.a(uart_stm32.c.obj)
 .z_init_PRE_KERNEL_160_0_
                0x0000000008003d3c        0x8 zephyr/drivers/console/libdrivers__console.a(uart_console.c.obj)
                0x0000000008003d44                __init_PRE_KERNEL_2_start = .
 *(SORT_BY_NAME(SORT_BY_ALIGNMENT(.z_init_PRE_KERNEL_2?_*)))
 .z_init_PRE_KERNEL_20_0_
                0x0000000008003d44        0x8 zephyr/drivers/timer/libdrivers__timer.a(cortex_m_systick.c.obj)
 *(SORT_BY_NAME(SORT_BY_ALIGNMENT(.z_init_PRE_KERNEL_2??_*)))
                0x0000000008003d4c                __init_POST_KERNEL_start = .
 *(SORT_BY_NAME(SORT_BY_ALIGNMENT(.z_init_POST_KERNEL?_*)))
 *(SORT_BY_NAME(SORT_BY_ALIGNMENT(.z_init_POST_KERNEL??_*)))
 .z_init_POST_KERNEL40_0_
                0x0000000008003d4c        0x8 zephyr/lib/libc/common/liblib__libc__common.a(malloc.c.obj)
                0x0000000008003d54                __init_APPLICATION_start = .
 *(SORT_BY_NAME(SORT_BY_ALIGNMENT(.z_init_APPLICATION?_*)))
 *(SORT_BY_NAME(SORT_BY_ALIGNMENT(.z_init_APPLICATION??_*)))
                0x0000000008003d54                __init_SMP_start = .
 *(SORT_BY_NAME(SORT_BY_ALIGNMENT(.z_init_SMP?_*)))
 *(SORT_BY_NAME(SORT_BY_ALIGNMENT(.z_init_SMP??_*)))
                0x0000000008003d54                __init_end = .

device_area     0x0000000008003d54       0xdc
                0x0000000008003d54                _device_list_start = .
 *(SORT_BY_NAME(SORT_BY_ALIGNMENT(._device.static.*_?_*)))
 ._device.static.1_1_
                0x0000000008003d54       0x14 zephyr/drivers/clock_control/libdrivers__clock_control.a(clock_stm32_ll_common.c.obj)
                0x0000000008003d54                __device_dts_ord_9
 *(SORT_BY_NAME(SORT_BY_ALIGNMENT(._device.static.*_??_*)))
 ._device.static.1_35_
                0x0000000008003d68       0x14 zephyr/drivers/reset/libdrivers__reset.a(reset_stm32.c.obj)
                0x0000000008003d68                __device_dts_ord_45
 ._device.static.1_40_
                0x0000000008003d7c       0x14 zephyr/drivers/interrupt_controller/libdrivers__interrupt_controller.a(intc_exti_stm32.c.obj)
                0x0000000008003d7c                __device_dts_ord_42
 ._device.static.1_40_
                0x0000000008003d90       0x78 zephyr/drivers/gpio/libdrivers__gpio.a(gpio_stm32.c.obj)
                0x0000000008003d90                __device_dts_ord_69
                0x0000000008003da4                __device_dts_ord_68
                0x0000000008003db8                __device_dts_ord_67
                0x0000000008003dcc                __device_dts_ord_29
                0x0000000008003de0                __device_dts_ord_66
                0x0000000008003df4                __device_dts_ord_32
 ._device.static.1_55_
                0x0000000008003e08       0x28 zephyr/drivers/serial/libdrivers__serial.a(uart_stm32.c.obj)
                0x0000000008003e08                __device_dts_ord_46
                0x0000000008003e1c                __device_dts_ord_52
                0x0000000008003e30                _device_list_end = .

sw_isr_table    0x0000000008003e30      0x2a8
                0x0000000008003e30                . = ALIGN (0x4)
 *(SORT_BY_ALIGNMENT(.gnu.linkonce.sw_isr_table*))
 .gnu.linkonce.sw_isr_table
                0x0000000008003e30      0x2a8 zephyr/CMakeFiles/zephyr_final.dir/isr_tables.c.obj
                0x0000000008003e30                _sw_isr_table

initlevel_error
                0x0000000008003cd4        0x0
 *(SORT_BY_NAME(SORT_BY_ALIGNMENT(.z_init_[_A-Z0-9]*)))
                0x0000000000000001                ASSERT ((SIZEOF (initlevel_error) == 0x0), Undefined initialization levels used.)

app_shmem_regions
                0x00000000080040d8        0x0
                0x00000000080040d8                __app_shmem_regions_start = .
 *(SORT_BY_NAME(SORT_BY_ALIGNMENT(.app_regions.*)))
                0x00000000080040d8                __app_shmem_regions_end = .

k_p4wq_initparam_area
                0x00000000080040d8        0x0
                0x00000000080040d8                _k_p4wq_initparam_list_start = .
 *(SORT_BY_NAME(SORT_BY_ALIGNMENT(._k_p4wq_initparam.static.*)))
                0x00000000080040d8                _k_p4wq_initparam_list_end = .

_static_thread_data_area
                0x00000000080040d8        0x0
                0x00000000080040d8                __static_thread_data_list_start = .
 *(SORT_BY_NAME(SORT_BY_ALIGNMENT(.__static_thread_data.static.*)))
                0x00000000080040d8                __static_thread_data_list_end = .

device_deps     0x00000000080040d8        0x0
                0x00000000080040d8                __device_deps_start = .
 *(SORT_BY_NAME(SORT_BY_ALIGNMENT(.__device_deps_pass2*)))
                0x00000000080040d8                __device_deps_end = .

ztest           0x00000000080040d8        0x0
                0x00000000080040d8                _ztest_expected_result_entry_list_start = .
 *(SORT_BY_NAME(SORT_BY_ALIGNMENT(._ztest_expected_result_entry.static.*)))
                0x00000000080040d8                _ztest_expected_result_entry_list_end = .
                0x00000000080040d8                _ztest_suite_node_list_start = .
 *(SORT_BY_NAME(SORT_BY_ALIGNMENT(._ztest_suite_node.static.*)))
                0x00000000080040d8                _ztest_suite_node_list_end = .
                0x00000000080040d8                _ztest_unit_test_list_start = .
 *(SORT_BY_NAME(SORT_BY_ALIGNMENT(._ztest_unit_test.static.*)))
                0x00000000080040d8                _ztest_unit_test_list_end = .
                0x00000000080040d8                _ztest_test_rule_list_start = .
 *(SORT_BY_NAME(SORT_BY_ALIGNMENT(._ztest_test_rule.static.*)))
                0x00000000080040d8                _ztest_test_rule_list_end = .

bt_l2cap_fixed_chan_area
                0x00000000080040d8        0x0
                0x00000000080040d8                _bt_l2cap_fixed_chan_list_start = .
 *(SORT_BY_NAME(SORT_BY_ALIGNMENT(._bt_l2cap_fixed_chan.static.*)))
                0x00000000080040d8                _bt_l2cap_fixed_chan_list_end = .

bt_gatt_service_static_area
                0x00000000080040d8        0x0
                0x00000000080040d8                _bt_gatt_service_static_list_start = .
 *(SORT_BY_NAME(SORT_BY_ALIGNMENT(._bt_gatt_service_static.static.*)))
                0x00000000080040d8                _bt_gatt_service_static_list_end = .

log_strings_area
                0x00000000080040d8        0x0
                0x00000000080040d8                _log_strings_list_start = .
 *(SORT_BY_NAME(SORT_BY_ALIGNMENT(._log_strings.static.*)))
                0x00000000080040d8                _log_strings_list_end = .

log_const_area  0x00000000080040d8        0x0
                0x00000000080040d8                _log_const_list_start = .
 *(SORT_BY_NAME(SORT_BY_ALIGNMENT(._log_const.static.*)))
                0x00000000080040d8                _log_const_list_end = .

log_backend_area
                0x00000000080040d8        0x0
                0x00000000080040d8                _log_backend_list_start = .
 *(SORT_BY_NAME(SORT_BY_ALIGNMENT(._log_backend.static.*)))
                0x00000000080040d8                _log_backend_list_end = .

log_link_area   0x00000000080040d8        0x0
                0x00000000080040d8                _log_link_list_start = .
 *(SORT_BY_NAME(SORT_BY_ALIGNMENT(._log_link.static.*)))
                0x00000000080040d8                _log_link_list_end = .

tracing_backend_area
                0x00000000080040d8        0x0
                0x00000000080040d8                _tracing_backend_list_start = .
 *(SORT_BY_NAME(SORT_BY_ALIGNMENT(._tracing_backend.static.*)))
                0x00000000080040d8                _tracing_backend_list_end = .

zephyr_dbg_info
                0x00000000080040d8       0x44
 *(SORT_BY_ALIGNMENT(.dbg_thread_info))
 .dbg_thread_info
                0x00000000080040d8       0x44 zephyr/libzephyr.a(thread_info.c.obj)
                0x00000000080040d8                _kernel_openocd_size_t_size
                0x00000000080040d8                _kernel_thread_info_size_t_size
                0x00000000080040dc                _kernel_openocd_num_offsets
                0x00000000080040dc                _kernel_thread_info_num_offsets
                0x00000000080040e0                _kernel_openocd_offsets
                0x00000000080040e0                _kernel_thread_info_offsets

symbol_to_keep  0x000000000800411c        0x0
                0x000000000800411c                __symbol_to_keep_start = .
 *(SORT_BY_NAME(SORT_BY_ALIGNMENT(.symbol_to_keep*)))
                0x000000000800411c                __symbol_to_keep_end = .

shell_area      0x000000000800411c        0x0
                0x000000000800411c                _shell_list_start = .
 *(SORT_BY_NAME(SORT_BY_ALIGNMENT(._shell.static.*)))
                0x000000000800411c                _shell_list_end = .

shell_root_cmds_area
                0x000000000800411c        0x0
                0x000000000800411c                _shell_root_cmds_list_start = .
 *(SORT_BY_NAME(SORT_BY_ALIGNMENT(._shell_root_cmds.static.*)))
                0x000000000800411c                _shell_root_cmds_list_end = .

shell_subcmds_area
                0x000000000800411c        0x0
                0x000000000800411c                _shell_subcmds_list_start = .
 *(SORT_BY_NAME(SORT_BY_ALIGNMENT(._shell_subcmds.static.*)))
                0x000000000800411c                _shell_subcmds_list_end = .

shell_dynamic_subcmds_area
                0x000000000800411c        0x0
                0x000000000800411c                _shell_dynamic_subcmds_list_start = .
 *(SORT_BY_NAME(SORT_BY_ALIGNMENT(._shell_dynamic_subcmds.static.*)))
                0x000000000800411c                _shell_dynamic_subcmds_list_end = .

cfb_font_area   0x000000000800411c        0x0
                0x000000000800411c                _cfb_font_list_start = .
 *(SORT_BY_NAME(SORT_BY_ALIGNMENT(._cfb_font.static.*)))
                0x000000000800411c                _cfb_font_list_end = .

tdata           0x000000000800411c        0x0
 *(SORT_BY_ALIGNMENT(.tdata) SORT_BY_ALIGNMENT(.tdata.*) SORT_BY_ALIGNMENT(.gnu.linkonce.td.*))

tbss            0x000000000800411c        0x4
 *(SORT_BY_ALIGNMENT(.tbss) SORT_BY_ALIGNMENT(.tbss.*) SORT_BY_ALIGNMENT(.gnu.linkonce.tb.*) SORT_BY_ALIGNMENT(.tcommon))
 .tbss.z_tls_current
                0x000000000800411c        0x4 zephyr/libzephyr.a(thread_entry.c.obj)
                0x000000000800411c                z_tls_current
                0x000000000800411c                PROVIDE (__tdata_start = LOADADDR (tdata))
                0x0000000000000000                PROVIDE (__tdata_size = SIZEOF (tdata))
                [!provide]                        PROVIDE (__tdata_end = (__tdata_start + __tdata_size))
                0x0000000000000001                PROVIDE (__tdata_align = ALIGNOF (tdata))
                [!provide]                        PROVIDE (__tbss_start = ADDR (tbss))
                0x0000000000000004                PROVIDE (__tbss_size = SIZEOF (tbss))
                [!provide]                        PROVIDE (__tbss_end = (__tbss_start + __tbss_size))
                0x0000000000000004                PROVIDE (__tbss_align = ALIGNOF (tbss))
                [!provide]                        PROVIDE (__tls_start = __tdata_start)
                [!provide]                        PROVIDE (__tls_end = __tbss_end)
                [!provide]                        PROVIDE (__tls_size = (__tbss_end - __tdata_start))

rodata          0x000000000800411c      0x344
 *(SORT_BY_ALIGNMENT(.rodata))
 .rodata        0x000000000800411c        0x8 zephyr/drivers/gpio/libdrivers__gpio.a(gpio_stm32.c.obj)
 *(SORT_BY_ALIGNMENT(.rodata.*))
 .rodata.pino_botao
                0x0000000008004124        0x8 app/libapp.a(main.c.obj)
 .rodata.mem_attr_region
                0x000000000800412c        0x0 zephyr/libzephyr.a(mem_attr.c.obj)
 .rodata.static_regions
                0x000000000800412c        0xc zephyr/arch/arch/arm/core/mpu/libarch__arm__core__mpu.a(arm_core_mpu.c.obj)
 .rodata.mpu_config
                0x0000000008004138        0x8 zephyr/arch/arch/arm/core/mpu/libarch__arm__core__mpu.a(arm_mpu_regions.c.obj)
                0x0000000008004138                mpu_config
 .rodata.str1.4
                0x0000000008004140        0xf zephyr/arch/arch/arm/core/mpu/libarch__arm__core__mpu.a(arm_mpu_regions.c.obj)
 *fill*         0x000000000800414f        0x1 
 .rodata.mpu_regions
                0x0000000008004150       0x18 zephyr/arch/arch/arm/core/mpu/libarch__arm__core__mpu.a(arm_mpu_regions.c.obj)
 .rodata.line_range_6.0
                0x0000000008004168        0x2 zephyr/drivers/interrupt_controller/libdrivers__interrupt_controller.a(intc_exti_stm32.c.obj)
 *fill*         0x000000000800416a        0x2 
 .rodata.line_range_5.1
                0x000000000800416c        0x2 zephyr/drivers/interrupt_controller/libdrivers__interrupt_controller.a(intc_exti_stm32.c.obj)
 *fill*         0x000000000800416e        0x2 
 .rodata.line_range_4.2
                0x0000000008004170        0x2 zephyr/drivers/interrupt_controller/libdrivers__interrupt_controller.a(intc_exti_stm32.c.obj)
 *fill*         0x0000000008004172        0x2 
 .rodata.line_range_3.3
                0x0000000008004174        0x2 zephyr/drivers/interrupt_controller/libdrivers__interrupt_controller.a(intc_exti_stm32.c.obj)
 *fill*         0x0000000008004176        0x2 
 .rodata.line_range_2.4
                0x0000000008004178        0x2 zephyr/drivers/interrupt_controller/libdrivers__interrupt_controller.a(intc_exti_stm32.c.obj)
 *fill*         0x000000000800417a        0x2 
 .rodata.line_range_1.5
                0x000000000800417c        0x2 zephyr/drivers/interrupt_controller/libdrivers__interrupt_controller.a(intc_exti_stm32.c.obj)
 *fill*         0x000000000800417e        0x2 
 .rodata.line_range_0.6
                0x0000000008004180        0x2 zephyr/drivers/interrupt_controller/libdrivers__interrupt_controller.a(intc_exti_stm32.c.obj)
 *fill*         0x0000000008004182        0x2 
 .rodata.str1.4
                0x0000000008004184       0x1e zephyr/drivers/interrupt_controller/libdrivers__interrupt_controller.a(intc_exti_stm32.c.obj)
 *fill*         0x00000000080041a2        0x2 
 .rodata.str1.4
                0x00000000080041a4        0xd zephyr/drivers/clock_control/libdrivers__clock_control.a(clock_stm32_ll_common.c.obj)
 *fill*         0x00000000080041b1        0x3 
 .rodata.str1.4
                0x00000000080041b4       0x5e zephyr/drivers/gpio/libdrivers__gpio.a(gpio_stm32.c.obj)
 *fill*         0x0000000008004212        0x2 
 .rodata.gpio_stm32_cfg_f
                0x0000000008004214       0x14 zephyr/drivers/gpio/libdrivers__gpio.a(gpio_stm32.c.obj)
 .rodata.gpio_stm32_cfg_e
                0x0000000008004228       0x14 zephyr/drivers/gpio/libdrivers__gpio.a(gpio_stm32.c.obj)
 .rodata.gpio_stm32_cfg_d
                0x000000000800423c       0x14 zephyr/drivers/gpio/libdrivers__gpio.a(gpio_stm32.c.obj)
 .rodata.gpio_stm32_cfg_c
                0x0000000008004250       0x14 zephyr/drivers/gpio/libdrivers__gpio.a(gpio_stm32.c.obj)
 .rodata.gpio_stm32_cfg_b
                0x0000000008004264       0x14 zephyr/drivers/gpio/libdrivers__gpio.a(gpio_stm32.c.obj)
 .rodata.gpio_stm32_cfg_a
                0x0000000008004278       0x14 zephyr/drivers/gpio/libdrivers__gpio.a(gpio_stm32.c.obj)
 .rodata.gpio_stm32_driver
                0x000000000800428c       0x24 zephyr/drivers/gpio/libdrivers__gpio.a(gpio_stm32.c.obj)
 .rodata.gpio_ports
                0x00000000080042b0       0x2c zephyr/drivers/pinctrl/libdrivers__pinctrl.a(pinctrl_stm32.c.obj)
 .rodata.str1.4
                0x00000000080042dc       0x11 zephyr/drivers/reset/libdrivers__reset.a(reset_stm32.c.obj)
 *fill*         0x00000000080042ed        0x3 
 .rodata.reset_stm32_config
                0x00000000080042f0        0x4 zephyr/drivers/reset/libdrivers__reset.a(reset_stm32.c.obj)
 .rodata.reset_stm32_driver_api
                0x00000000080042f4       0x10 zephyr/drivers/reset/libdrivers__reset.a(reset_stm32.c.obj)
 .rodata.str1.4
                0x0000000008004304       0x20 zephyr/drivers/serial/libdrivers__serial.a(uart_stm32.c.obj)
 .rodata.uart_stm32_cfg_1
                0x0000000008004324       0x24 zephyr/drivers/serial/libdrivers__serial.a(uart_stm32.c.obj)
 .rodata.pclken_1
                0x0000000008004348        0x8 zephyr/drivers/serial/libdrivers__serial.a(uart_stm32.c.obj)
 .rodata.__pinctrl_dev_config__device_dts_ord_46
                0x0000000008004350        0x8 zephyr/drivers/serial/libdrivers__serial.a(uart_stm32.c.obj)
 .rodata.__pinctrl_states__device_dts_ord_46
                0x0000000008004358        0x8 zephyr/drivers/serial/libdrivers__serial.a(uart_stm32.c.obj)
 .rodata.__pinctrl_state_pins_0__device_dts_ord_46
                0x0000000008004360       0x10 zephyr/drivers/serial/libdrivers__serial.a(uart_stm32.c.obj)
 .rodata.uart_stm32_cfg_0
                0x0000000008004370       0x24 zephyr/drivers/serial/libdrivers__serial.a(uart_stm32.c.obj)
 .rodata.pclken_0
                0x0000000008004394        0x8 zephyr/drivers/serial/libdrivers__serial.a(uart_stm32.c.obj)
 .rodata.__pinctrl_dev_config__device_dts_ord_52
                0x000000000800439c        0x8 zephyr/drivers/serial/libdrivers__serial.a(uart_stm32.c.obj)
 .rodata.__pinctrl_states__device_dts_ord_52
                0x00000000080043a4        0x8 zephyr/drivers/serial/libdrivers__serial.a(uart_stm32.c.obj)
 .rodata.__pinctrl_state_pins_0__device_dts_ord_52
                0x00000000080043ac       0x10 zephyr/drivers/serial/libdrivers__serial.a(uart_stm32.c.obj)
 .rodata.uart_stm32_driver_api
                0x00000000080043bc       0x14 zephyr/drivers/serial/libdrivers__serial.a(uart_stm32.c.obj)
 .rodata.AHBPrescTable
                0x00000000080043d0       0x10 modules/stm32/stm32cube/lib..__modules__hal__stm32__stm32cube.a(system_stm32f3xx.c.obj)
                0x00000000080043d0                AHBPrescTable
 .rodata.aPredivFactorTable
                0x00000000080043e0       0x10 modules/stm32/stm32cube/lib..__modules__hal__stm32__stm32cube.a(stm32f3xx_hal_rcc.c.obj)
 .rodata.aPLLMULFactorTable
                0x00000000080043f0       0x10 modules/stm32/stm32cube/lib..__modules__hal__stm32__stm32cube.a(stm32f3xx_hal_rcc.c.obj)
 .rodata.init_idle_thread.str1.4
                0x0000000008004400        0x5 zephyr/kernel/libkernel.a(init.c.obj)
 *fill*         0x0000000008004405        0x3 
 .rodata.prepare_multithreading.str1.4
                0x0000000008004408        0x5 zephyr/kernel/libkernel.a(init.c.obj)
 *fill*         0x000000000800440d        0x3 
 .rodata.levels.0
                0x0000000008004410       0x18 zephyr/kernel/libkernel.a(init.c.obj)
 .rodata.boot_banner.str1.4
                0x0000000008004428       0x28 zephyr/kernel/libkernel.a(banner.c.obj)
 .rodata.__l_vfprintf.str1.1
                0x0000000008004450        0xf c:\users\luanol~1\zephyr~2\toolch~1\zephyr~1.8\arm-ze~1\bin\../lib/gcc/../../picolibc/arm-zephyr-eabi/lib/thumb/v7e-m/nofp\libc.a(libc_tinystdio_vflprintf.c.o)
 *(SORT_BY_ALIGNMENT(.gnu.linkonce.r.*))
                0x0000000008004460                . = ALIGN (0x4)
 *fill*         0x000000000800445f        0x1 
                0x0000000008004460                __rodata_region_end = .
                0x0000000008004460                . = ALIGN (_region_min_align)
                0x0000000008008000                . = ALIGN ((0x1 << LOG2CEIL ((__rodata_region_end - ADDR (rom_start)))))
                0x0000000008008000                __rom_region_end = ((__rom_region_start + .) - ADDR (rom_start))

/DISCARD/
 *(SORT_BY_ALIGNMENT(.got.plt))
 *(SORT_BY_ALIGNMENT(.igot.plt))
 *(SORT_BY_ALIGNMENT(.got))
 *(SORT_BY_ALIGNMENT(.igot))
                0x0000000020000000                . = 0x20000000
                0x0000000020000000                . = ALIGN (_region_min_align)
                0x0000000020000000                _image_ram_start = .

.ramfunc        0x0000000020000000        0x0 load address 0x0000000008004460
                0x0000000020000000                . = ALIGN (_region_min_align)
                0x0000000020000000                . = ALIGN ((0x1 << LOG2CEIL (__ramfunc_size)))
                0x0000000020000000                __ramfunc_start = .
 *(SORT_BY_ALIGNMENT(.ramfunc))
 *(SORT_BY_ALIGNMENT(.ramfunc.*))
                0x0000000020000000                . = ALIGN (_region_min_align)
                0x0000000020000000                . = ALIGN ((0x1 << LOG2CEIL (__ramfunc_size)))
                0x0000000020000000                __ramfunc_end = .
                0x0000000000000000                __ramfunc_size = (__ramfunc_end - __ramfunc_start)
                0x0000000008004460                __ramfunc_load_start = LOADADDR (.ramfunc)

datas           0x0000000020000000       0x78 load address 0x0000000008004460
                0x0000000020000000                __data_region_start = .
                0x0000000020000000                __data_start = .
 *(SORT_BY_ALIGNMENT(.data))
 *(SORT_BY_ALIGNMENT(.data.*))
 .data.pino_led
                0x0000000020000000        0x8 app/libapp.a(main.c.obj)
 .data._char_out
                0x0000000020000008        0x4 zephyr/libzephyr.a(printk.c.obj)
                0x0000000020000008                _char_out
 .data.handler  0x000000002000000c        0x4 zephyr/arch/arch/arm/core/libarch__arm__core.a(nmi.c.obj)
 .data.__stdout
                0x0000000020000010       0x10 zephyr/lib/libc/picolibc/liblib__libc__picolibc.a(libc-hooks.c.obj)
 .data.exti_irq_table
                0x0000000020000020       0x10 zephyr/drivers/interrupt_controller/libdrivers__interrupt_controller.a(intc_exti_stm32.c.obj)
 .data.stm32_clock_control_api
                0x0000000020000030       0x1c zephyr/drivers/clock_control/libdrivers__clock_control.a(clock_stm32_ll_common.c.obj)
 .data.uart_stm32_data_1
                0x000000002000004c        0x8 zephyr/drivers/serial/libdrivers__serial.a(uart_stm32.c.obj)
 .data.uart_cfg_1
                0x0000000020000054        0x8 zephyr/drivers/serial/libdrivers__serial.a(uart_stm32.c.obj)
 .data.uart_stm32_data_0
                0x000000002000005c        0x8 zephyr/drivers/serial/libdrivers__serial.a(uart_stm32.c.obj)
 .data.uart_cfg_0
                0x0000000020000064        0x8 zephyr/drivers/serial/libdrivers__serial.a(uart_stm32.c.obj)
 .data.SystemCoreClock
                0x000000002000006c        0x4 modules/stm32/stm32cube/lib..__modules__hal__stm32__stm32cube.a(system_stm32f3xx.c.obj)
                0x000000002000006c                SystemCoreClock
 .data.timeout_list
                0x0000000020000070        0x8 zephyr/kernel/libkernel.a(timeout.c.obj)
 *(SORT_BY_ALIGNMENT(.kernel.*))
                0x0000000020000078                __data_end = .
                0x0000000000000078                __data_size = (__data_end - __data_start)
                0x0000000008004460                __data_load_start = LOADADDR (datas)
                0x0000000008004460                __data_region_load_start = LOADADDR (datas)

device_states   0x0000000020000078       0x16 load address 0x00000000080044d8
                0x0000000020000078                __device_states_start = .
 *(SORT_BY_ALIGNMENT(.z_devstate))
 .z_devstate    0x0000000020000078        0x2 zephyr/drivers/interrupt_controller/libdrivers__interrupt_controller.a(intc_exti_stm32.c.obj)
 .z_devstate    0x000000002000007a        0x2 zephyr/drivers/clock_control/libdrivers__clock_control.a(clock_stm32_ll_common.c.obj)
 .z_devstate    0x000000002000007c        0xc zephyr/drivers/gpio/libdrivers__gpio.a(gpio_stm32.c.obj)
 .z_devstate    0x0000000020000088        0x2 zephyr/drivers/reset/libdrivers__reset.a(reset_stm32.c.obj)
 .z_devstate    0x000000002000008a        0x4 zephyr/drivers/serial/libdrivers__serial.a(uart_stm32.c.obj)
 *(SORT_BY_ALIGNMENT(.z_devstate.*))
                0x000000002000008e                __device_states_end = .

log_mpsc_pbuf_area
                0x000000002000008e        0x0 load address 0x00000000080044ee
                0x000000002000008e                _log_mpsc_pbuf_list_start = .
 *(SORT_BY_NAME(SORT_BY_ALIGNMENT(._log_mpsc_pbuf.static.*)))
                0x000000002000008e                _log_mpsc_pbuf_list_end = .

log_msg_ptr_area
                0x000000002000008e        0x0 load address 0x00000000080044ee
                0x000000002000008e                _log_msg_ptr_list_start = .
 *(SORT_BY_NAME(SORT_BY_ALIGNMENT(._log_msg_ptr.static.*)))
                0x000000002000008e                _log_msg_ptr_list_end = .

log_dynamic_area
                0x000000002000008e        0x0 load address 0x00000000080044ee
                0x000000002000008e                _log_dynamic_list_start = .
 *(SORT_BY_NAME(SORT_BY_ALIGNMENT(._log_dynamic.static.*)))
                0x000000002000008e                _log_dynamic_list_end = .

k_timer_area    0x000000002000008e        0x0 load address 0x00000000080044ee
                0x000000002000008e                _k_timer_list_start = .
 *(SORT_BY_NAME(SORT_BY_ALIGNMENT(._k_timer.static.*)))
                0x000000002000008e                _k_timer_list_end = .

k_mem_slab_area
                0x000000002000008e        0x0 load address 0x00000000080044ee
                0x000000002000008e                _k_mem_slab_list_start = .
 *(SORT_BY_NAME(SORT_BY_ALIGNMENT(._k_mem_slab.static.*)))
                0x000000002000008e                _k_mem_slab_list_end = .

k_heap_area     0x000000002000008e        0x0 load address 0x00000000080044ee
                0x000000002000008e                _k_heap_list_start = .
 *(SORT_BY_NAME(SORT_BY_ALIGNMENT(._k_heap.static.*)))
                0x000000002000008e                _k_heap_list_end = .

k_mutex_area    0x000000002000008e        0x0 load address 0x00000000080044ee
                0x000000002000008e                _k_mutex_list_start = .
 *(SORT_BY_NAME(SORT_BY_ALIGNMENT(._k_mutex.static.*)))
                0x000000002000008e                _k_mutex_list_end = .

k_stack_area    0x000000002000008e        0x0 load address 0x00000000080044ee
                0x000000002000008e                _k_stack_list_start = .
 *(SORT_BY_NAME(SORT_BY_ALIGNMENT(._k_stack.static.*)))
                0x000000002000008e                _k_stack_list_end = .

k_msgq_area     0x000000002000008e        0x0 load address 0x00000000080044ee
                0x000000002000008e                _k_msgq_list_start = .
 *(SORT_BY_NAME(SORT_BY_ALIGNMENT(._k_msgq.static.*)))
                0x000000002000008e                _k_msgq_list_end = .

k_mbox_area     0x000000002000008e        0x0 load address 0x00000000080044ee
                0x000000002000008e                _k_mbox_list_start = .
 *(SORT_BY_NAME(SORT_BY_ALIGNMENT(._k_mbox.static.*)))
                0x000000002000008e                _k_mbox_list_end = .

k_pipe_area     0x000000002000008e        0x0 load address 0x00000000080044ee
                0x000000002000008e                _k_pipe_list_start = .
 *(SORT_BY_NAME(SORT_BY_ALIGNMENT(._k_pipe.static.*)))
                0x000000002000008e                _k_pipe_list_end = .

k_sem_area      0x000000002000008e        0x0 load address 0x00000000080044ee
                0x000000002000008e                _k_sem_list_start = .
 *(SORT_BY_NAME(SORT_BY_ALIGNMENT(._k_sem.static.*)))
                0x000000002000008e                _k_sem_list_end = .

k_event_area    0x000000002000008e        0x0 load address 0x00000000080044ee
                0x000000002000008e                _k_event_list_start = .
 *(SORT_BY_NAME(SORT_BY_ALIGNMENT(._k_event.static.*)))
                0x000000002000008e                _k_event_list_end = .

k_queue_area    0x000000002000008e        0x0 load address 0x00000000080044ee
                0x000000002000008e                _k_queue_list_start = .
 *(SORT_BY_NAME(SORT_BY_ALIGNMENT(._k_queue.static.*)))
                0x000000002000008e                _k_queue_list_end = .

k_fifo_area     0x000000002000008e        0x0 load address 0x00000000080044ee
                0x000000002000008e                _k_fifo_list_start = .
 *(SORT_BY_NAME(SORT_BY_ALIGNMENT(._k_fifo.static.*)))
                0x000000002000008e                _k_fifo_list_end = .

k_lifo_area     0x000000002000008e        0x0 load address 0x00000000080044ee
                0x000000002000008e                _k_lifo_list_start = .
 *(SORT_BY_NAME(SORT_BY_ALIGNMENT(._k_lifo.static.*)))
                0x000000002000008e                _k_lifo_list_end = .

k_condvar_area  0x000000002000008e        0x0 load address 0x00000000080044ee
                0x000000002000008e                _k_condvar_list_start = .
 *(SORT_BY_NAME(SORT_BY_ALIGNMENT(._k_condvar.static.*)))
                0x000000002000008e                _k_condvar_list_end = .

sys_mem_blocks_ptr_area
                0x000000002000008e        0x0 load address 0x00000000080044ee
                0x000000002000008e                _sys_mem_blocks_ptr_list_start = .
 *(SORT_BY_NAME(SORT_BY_ALIGNMENT(._sys_mem_blocks_ptr.static.*)))
                0x000000002000008e                _sys_mem_blocks_ptr_list_end = .

net_buf_pool_area
                0x000000002000008e        0x0 load address 0x00000000080044ee
                0x000000002000008e                _net_buf_pool_list_start = .
 *(SORT_BY_NAME(SORT_BY_ALIGNMENT(._net_buf_pool.static.*)))
                0x000000002000008e                _net_buf_pool_list_end = .
                0x000000002000008e                __data_region_end = .

bss             0x0000000020000090      0x2e2
                0x0000000020000090                . = ALIGN (0x4)
                0x0000000020000090                __bss_start = .
                0x0000000020000090                __kernel_ram_start = .
 *(SORT_BY_ALIGNMENT(.bss))
 *(SORT_BY_ALIGNMENT(.bss.*))
 .bss.announced_cycles
                0x0000000020000090        0x8 zephyr/drivers/timer/libdrivers__timer.a(cortex_m_systick.c.obj)
 .bss.cycle_count
                0x0000000020000098        0x8 zephyr/drivers/timer/libdrivers__timer.a(cortex_m_systick.c.obj)
 .bss.z_idle_threads
                0x00000000200000a0       0xb0 zephyr/kernel/libkernel.a(init.c.obj)
                0x00000000200000a0                z_idle_threads
 .bss.z_main_thread
                0x0000000020000150       0xb0 zephyr/kernel/libkernel.a(init.c.obj)
                0x0000000020000150                z_main_thread
 .bss.slice_timeouts
                0x0000000020000200       0x18 zephyr/kernel/libkernel.a(sched.c.obj)
 .bss.curr_tick
                0x0000000020000218        0x8 zephyr/kernel/libkernel.a(timeout.c.obj)
 .bss.dados_botao
                0x0000000020000220        0xc app/libapp.a(main.c.obj)
 .bss.z_arm_tls_ptr
                0x000000002000022c        0x4 zephyr/arch/arch/arm/core/libarch__arm__core.a(tls.c.obj)
                0x000000002000022c                z_arm_tls_ptr
 .bss.dynamic_regions.0
                0x0000000020000230        0xc zephyr/arch/arch/arm/core/mpu/libarch__arm__core__mpu.a(arm_core_mpu.c.obj)
 .bss._stdout_hook
                0x000000002000023c        0x4 zephyr/lib/libc/picolibc/liblib__libc__picolibc.a(libc-hooks.c.obj)
 .bss.z_malloc_heap
                0x0000000020000240        0xc zephyr/lib/libc/common/liblib__libc__common.a(malloc.c.obj)
 .bss.exti_data
                0x000000002000024c       0x80 zephyr/drivers/interrupt_controller/libdrivers__interrupt_controller.a(intc_exti_stm32.c.obj)
 .bss.gpio_stm32_data_f
                0x00000000200002cc       0x10 zephyr/drivers/gpio/libdrivers__gpio.a(gpio_stm32.c.obj)
 .bss.gpio_stm32_data_e
                0x00000000200002dc       0x10 zephyr/drivers/gpio/libdrivers__gpio.a(gpio_stm32.c.obj)
 .bss.gpio_stm32_data_d
                0x00000000200002ec       0x10 zephyr/drivers/gpio/libdrivers__gpio.a(gpio_stm32.c.obj)
 .bss.gpio_stm32_data_c
                0x00000000200002fc       0x10 zephyr/drivers/gpio/libdrivers__gpio.a(gpio_stm32.c.obj)
 .bss.gpio_stm32_data_b
                0x000000002000030c       0x10 zephyr/drivers/gpio/libdrivers__gpio.a(gpio_stm32.c.obj)
 .bss.gpio_stm32_data_a
                0x000000002000031c       0x10 zephyr/drivers/gpio/libdrivers__gpio.a(gpio_stm32.c.obj)
 .bss.overflow_cyc
                0x000000002000032c        0x4 zephyr/drivers/timer/libdrivers__timer.a(cortex_m_systick.c.obj)
 .bss.last_load
                0x0000000020000330        0x4 zephyr/drivers/timer/libdrivers__timer.a(cortex_m_systick.c.obj)
 .bss._cpus_active
                0x0000000020000334        0x4 zephyr/kernel/libkernel.a(init.c.obj)
                0x0000000020000334                _cpus_active
 .bss._kernel   0x0000000020000338       0x24 zephyr/kernel/libkernel.a(init.c.obj)
                0x0000000020000338                _kernel
 .bss.pending_current
                0x000000002000035c        0x4 zephyr/kernel/libkernel.a(sched.c.obj)
 .bss.slice_expired
                0x0000000020000360        0x1 zephyr/kernel/libkernel.a(sched.c.obj)
 *fill*         0x0000000020000361        0x3 
 .bss.slice_max_prio
                0x0000000020000364        0x4 zephyr/kernel/libkernel.a(sched.c.obj)
 .bss.slice_ticks
                0x0000000020000368        0x4 zephyr/kernel/libkernel.a(sched.c.obj)
 .bss.sched_spinlock
                0x000000002000036c        0x0 zephyr/kernel/libkernel.a(sched.c.obj)
                0x000000002000036c                sched_spinlock
 .bss.announce_remaining
                0x000000002000036c        0x4 zephyr/kernel/libkernel.a(timeout.c.obj)
 .bss.static_regions_num
                0x0000000020000370        0x1 zephyr/arch/arch/arm/core/mpu/libarch__arm__core__mpu.a(arm_mpu.c.obj)
 .bss.z_sys_post_kernel
                0x0000000020000371        0x1 zephyr/kernel/libkernel.a(init.c.obj)
                0x0000000020000371                z_sys_post_kernel
 *(SORT_BY_ALIGNMENT(COMMON))
 *(SORT_BY_ALIGNMENT(.kernel_bss.*))
                0x0000000020000374                __bss_end = ALIGN (0x4)

noinit          0x0000000020000380      0xe00
 *(SORT_BY_ALIGNMENT(.noinit))
 *(SORT_BY_ALIGNMENT(.noinit.*))
 .noinit."WEST_TOPDIR/external/zephyr/kernel/init.c".2
                0x0000000020000380      0x840 zephyr/kernel/libkernel.a(init.c.obj)
                0x0000000020000380                z_interrupt_stacks
 .noinit."WEST_TOPDIR/external/zephyr/kernel/init.c".1
                0x0000000020000bc0      0x180 zephyr/kernel/libkernel.a(init.c.obj)
 .noinit."WEST_TOPDIR/external/zephyr/kernel/init.c".0
                0x0000000020000d40      0x440 zephyr/kernel/libkernel.a(init.c.obj)
                0x0000000020000d40                z_main_stack
 *(SORT_BY_ALIGNMENT(.kernel_noinit.*))
                0x0000000020010000                __kernel_ram_end = 0x20010000
                0x000000000000ff70                __kernel_ram_size = (__kernel_ram_end - __kernel_ram_start)

/DISCARD/
 *(SORT_BY_ALIGNMENT(.irq_info*))
 *(SORT_BY_ALIGNMENT(.intList*))

.last_ram_section
                0x0000000020001180        0x0
                0x0000000020001180                _image_ram_end = .
                0x0000000000001180                _image_ram_size = (_image_ram_end - _image_ram_start)
                0x0000000020001180                _end = .
                0x0000000020001180                z_mapped_end = .

.stab
 *(SORT_BY_ALIGNMENT(.stab))

.stabstr
 *(SORT_BY_ALIGNMENT(.stabstr))

.stab.excl
 *(SORT_BY_ALIGNMENT(.stab.excl))

.stab.exclstr
 *(SORT_BY_ALIGNMENT(.stab.exclstr))

.stab.index
 *(SORT_BY_ALIGNMENT(.stab.index))

.stab.indexstr
 *(SORT_BY_ALIGNMENT(.stab.indexstr))

.gnu.build.attributes
 *(SORT_BY_ALIGNMENT(.gnu.build.attributes) SORT_BY_ALIGNMENT(.gnu.build.attributes.*))

.comment        0x0000000000000000       0x20
 *(SORT_BY_ALIGNMENT(.comment))
 .comment       0x0000000000000000       0x20 zephyr/CMakeFiles/zephyr_final.dir/isr_tables.c.obj
                                         0x21 (size before relaxing)
 .comment       0x0000000000000020       0x21 zephyr/CMakeFiles/offsets.dir/./arch/arm/core/offsets/offsets.c.obj
 .comment       0x0000000000000020       0x21 app/libapp.a(main.c.obj)
 .comment       0x0000000000000020       0x21 zephyr/libzephyr.a(heap.c.obj)
 .comment       0x0000000000000020       0x21 zephyr/libzephyr.a(printk.c.obj)
 .comment       0x0000000000000020       0x21 zephyr/libzephyr.a(thread_entry.c.obj)
 .comment       0x0000000000000020       0x21 zephyr/libzephyr.a(configs.c.obj)
 .comment       0x0000000000000020       0x21 zephyr/libzephyr.a(soc.c.obj)
 .comment       0x0000000000000020       0x21 zephyr/libzephyr.a(soc_config.c.obj)
 .comment       0x0000000000000020       0x21 zephyr/libzephyr.a(thread_info.c.obj)
 .comment       0x0000000000000020       0x21 zephyr/libzephyr.a(mem_attr.c.obj)
 .comment       0x0000000000000020       0x21 zephyr/arch/arch/arm/core/libarch__arm__core.a(fatal.c.obj)
 .comment       0x0000000000000020       0x21 zephyr/arch/arch/arm/core/libarch__arm__core.a(nmi.c.obj)
 .comment       0x0000000000000020       0x21 zephyr/arch/arch/arm/core/libarch__arm__core.a(tls.c.obj)
 .comment       0x0000000000000020       0x21 zephyr/arch/arch/arm/core/cortex_m/libarch__arm__core__cortex_m.a(fault.c.obj)
 .comment       0x0000000000000020       0x21 zephyr/arch/arch/arm/core/cortex_m/libarch__arm__core__cortex_m.a(thread_abort.c.obj)
 .comment       0x0000000000000020       0x21 zephyr/arch/arch/arm/core/cortex_m/libarch__arm__core__cortex_m.a(swap.c.obj)
 .comment       0x0000000000000020       0x21 zephyr/arch/arch/arm/core/cortex_m/libarch__arm__core__cortex_m.a(irq_manage.c.obj)
 .comment       0x0000000000000020       0x21 zephyr/arch/arch/arm/core/cortex_m/libarch__arm__core__cortex_m.a(prep_c.c.obj)
 .comment       0x0000000000000020       0x21 zephyr/arch/arch/arm/core/cortex_m/libarch__arm__core__cortex_m.a(thread.c.obj)
 .comment       0x0000000000000020       0x21 zephyr/arch/arch/arm/core/cortex_m/libarch__arm__core__cortex_m.a(irq_init.c.obj)
 .comment       0x0000000000000020       0x21 zephyr/arch/arch/arm/core/mpu/libarch__arm__core__mpu.a(arm_core_mpu.c.obj)
 .comment       0x0000000000000020       0x21 zephyr/arch/arch/arm/core/mpu/libarch__arm__core__mpu.a(arm_mpu.c.obj)
 .comment       0x0000000000000020       0x21 zephyr/arch/arch/arm/core/mpu/libarch__arm__core__mpu.a(arm_mpu_regions.c.obj)
 .comment       0x0000000000000020       0x21 zephyr/lib/libc/picolibc/liblib__libc__picolibc.a(libc-hooks.c.obj)
 .comment       0x0000000000000020       0x21 zephyr/lib/libc/common/liblib__libc__common.a(malloc.c.obj)
 .comment       0x0000000000000020       0x21 zephyr/drivers/interrupt_controller/libdrivers__interrupt_controller.a(intc_exti_stm32.c.obj)
 .comment       0x0000000000000020       0x21 zephyr/drivers/clock_control/libdrivers__clock_control.a(clock_stm32_ll_common.c.obj)
 .comment       0x0000000000000020       0x21 zephyr/drivers/clock_control/libdrivers__clock_control.a(clock_stm32f0_f3.c.obj)
 .comment       0x0000000000000020       0x21 zephyr/drivers/console/libdrivers__console.a(uart_console.c.obj)
 .comment       0x0000000000000020       0x21 zephyr/drivers/gpio/libdrivers__gpio.a(gpio_stm32.c.obj)
 .comment       0x0000000000000020       0x21 zephyr/drivers/pinctrl/libdrivers__pinctrl.a(common.c.obj)
 .comment       0x0000000000000020       0x21 zephyr/drivers/pinctrl/libdrivers__pinctrl.a(pinctrl_stm32.c.obj)
 .comment       0x0000000000000020       0x21 zephyr/drivers/reset/libdrivers__reset.a(reset_stm32.c.obj)
 .comment       0x0000000000000020       0x21 zephyr/drivers/serial/libdrivers__serial.a(uart_stm32.c.obj)
 .comment       0x0000000000000020       0x21 zephyr/drivers/timer/libdrivers__timer.a(cortex_m_systick.c.obj)
 .comment       0x0000000000000020       0x21 modules/stm32/stm32cube/lib..__modules__hal__stm32__stm32cube.a(system_stm32f3xx.c.obj)
 .comment       0x0000000000000020       0x21 modules/stm32/stm32cube/lib..__modules__hal__stm32__stm32cube.a(stm32f3xx_hal_rcc.c.obj)
 .comment       0x0000000000000020       0x21 modules/stm32/stm32cube/lib..__modules__hal__stm32__stm32cube.a(stm32f3xx_ll_utils.c.obj)
 .comment       0x0000000000000020       0x21 zephyr/kernel/libkernel.a(device.c.obj)
 .comment       0x0000000000000020       0x21 zephyr/kernel/libkernel.a(fatal.c.obj)
 .comment       0x0000000000000020       0x21 zephyr/kernel/libkernel.a(init.c.obj)
 .comment       0x0000000000000020       0x21 zephyr/kernel/libkernel.a(thread.c.obj)
 .comment       0x0000000000000020       0x21 zephyr/kernel/libkernel.a(sched.c.obj)
 .comment       0x0000000000000020       0x21 zephyr/kernel/libkernel.a(idle.c.obj)
 .comment       0x0000000000000020       0x21 zephyr/kernel/libkernel.a(xip.c.obj)
 .comment       0x0000000000000020       0x21 zephyr/kernel/libkernel.a(timeout.c.obj)
 .comment       0x0000000000000020       0x21 zephyr/kernel/libkernel.a(banner.c.obj)

.debug
 *(SORT_BY_ALIGNMENT(.debug))

.line
 *(SORT_BY_ALIGNMENT(.line))

.debug_srcinfo
 *(SORT_BY_ALIGNMENT(.debug_srcinfo))

.debug_sfnames
 *(SORT_BY_ALIGNMENT(.debug_sfnames))

.debug_aranges  0x0000000000000000     0x1110
 *(SORT_BY_ALIGNMENT(.debug_aranges))
 .debug_aranges
                0x0000000000000000       0x20 zephyr/arch/arch/arm/core/libarch__arm__core.a(nmi_on_reset.S.obj)
 .debug_aranges
                0x0000000000000020       0x20 zephyr/arch/arch/arm/core/cortex_m/libarch__arm__core__cortex_m.a(exc_exit.S.obj)
 .debug_aranges
                0x0000000000000040       0x20 zephyr/arch/arch/arm/core/cortex_m/libarch__arm__core__cortex_m.a(fault_s.S.obj)
 .debug_aranges
                0x0000000000000060       0x20 zephyr/arch/arch/arm/core/cortex_m/libarch__arm__core__cortex_m.a(reset.S.obj)
 .debug_aranges
                0x0000000000000080       0x28 zephyr/arch/arch/arm/core/cortex_m/libarch__arm__core__cortex_m.a(swap_helper.S.obj)
 .debug_aranges
                0x00000000000000a8       0x30 zephyr/arch/arch/arm/core/cortex_m/libarch__arm__core__cortex_m.a(cpu_idle.S.obj)
 .debug_aranges
                0x00000000000000d8       0x20 zephyr/arch/arch/arm/core/cortex_m/libarch__arm__core__cortex_m.a(isr_wrapper.S.obj)
 .debug_aranges
                0x00000000000000f8       0x20 zephyr/arch/arch/arm/core/cortex_m/libarch__arm__core__cortex_m.a(__aeabi_read_tp.S.obj)
 .debug_aranges
                0x0000000000000118       0x18 zephyr/CMakeFiles/zephyr_final.dir/isr_tables.c.obj
 .debug_aranges
                0x0000000000000130       0x20 zephyr/CMakeFiles/offsets.dir/./arch/arm/core/offsets/offsets.c.obj
 .debug_aranges
                0x0000000000000150       0x70 app/libapp.a(main.c.obj)
 .debug_aranges
                0x00000000000001c0       0x98 zephyr/libzephyr.a(heap.c.obj)
 .debug_aranges
                0x0000000000000258       0x50 zephyr/libzephyr.a(printk.c.obj)
 .debug_aranges
                0x00000000000002a8       0x20 zephyr/libzephyr.a(thread_entry.c.obj)
 .debug_aranges
                0x00000000000002c8       0x20 zephyr/libzephyr.a(configs.c.obj)
 .debug_aranges
                0x00000000000002e8       0x20 zephyr/libzephyr.a(soc.c.obj)
 .debug_aranges
                0x0000000000000308       0x20 zephyr/libzephyr.a(soc_config.c.obj)
 .debug_aranges
                0x0000000000000328       0x18 zephyr/libzephyr.a(thread_info.c.obj)
 .debug_aranges
                0x0000000000000340       0x28 zephyr/libzephyr.a(mem_attr.c.obj)
 .debug_aranges
                0x0000000000000368       0x30 zephyr/arch/arch/arm/core/libarch__arm__core.a(fatal.c.obj)
 .debug_aranges
                0x0000000000000398       0x28 zephyr/arch/arch/arm/core/libarch__arm__core.a(nmi.c.obj)
 .debug_aranges
                0x00000000000003c0       0x28 zephyr/arch/arch/arm/core/libarch__arm__core.a(tls.c.obj)
 .debug_aranges
                0x00000000000003e8       0x68 zephyr/arch/arch/arm/core/cortex_m/libarch__arm__core__cortex_m.a(fault.c.obj)
 .debug_aranges
                0x0000000000000450       0x20 zephyr/arch/arch/arm/core/cortex_m/libarch__arm__core__cortex_m.a(thread_abort.c.obj)
 .debug_aranges
                0x0000000000000470       0x20 zephyr/arch/arch/arm/core/cortex_m/libarch__arm__core__cortex_m.a(swap.c.obj)
 .debug_aranges
                0x0000000000000490       0x58 zephyr/arch/arch/arm/core/cortex_m/libarch__arm__core__cortex_m.a(irq_manage.c.obj)
 .debug_aranges
                0x00000000000004e8       0x20 zephyr/arch/arch/arm/core/cortex_m/libarch__arm__core__cortex_m.a(prep_c.c.obj)
 .debug_aranges
                0x0000000000000508       0x30 zephyr/arch/arch/arm/core/cortex_m/libarch__arm__core__cortex_m.a(thread.c.obj)
 .debug_aranges
                0x0000000000000538       0x20 zephyr/arch/arch/arm/core/cortex_m/libarch__arm__core__cortex_m.a(irq_init.c.obj)
 .debug_aranges
                0x0000000000000558       0x28 zephyr/arch/arch/arm/core/mpu/libarch__arm__core__mpu.a(arm_core_mpu.c.obj)
 .debug_aranges
                0x0000000000000580       0x80 zephyr/arch/arch/arm/core/mpu/libarch__arm__core__mpu.a(arm_mpu.c.obj)
 .debug_aranges
                0x0000000000000600       0x18 zephyr/arch/arch/arm/core/mpu/libarch__arm__core__mpu.a(arm_mpu_regions.c.obj)
 .debug_aranges
                0x0000000000000618       0xb0 zephyr/lib/libc/picolibc/liblib__libc__picolibc.a(libc-hooks.c.obj)
 .debug_aranges
                0x00000000000006c8       0x60 zephyr/lib/libc/common/liblib__libc__common.a(malloc.c.obj)
 .debug_aranges
                0x0000000000000728       0x58 zephyr/drivers/interrupt_controller/libdrivers__interrupt_controller.a(intc_exti_stm32.c.obj)
 .debug_aranges
                0x0000000000000780       0x80 zephyr/drivers/clock_control/libdrivers__clock_control.a(clock_stm32_ll_common.c.obj)
 .debug_aranges
                0x0000000000000800       0x30 zephyr/drivers/clock_control/libdrivers__clock_control.a(clock_stm32f0_f3.c.obj)
 .debug_aranges
                0x0000000000000830       0x38 zephyr/drivers/console/libdrivers__console.a(uart_console.c.obj)
 .debug_aranges
                0x0000000000000868       0xf8 zephyr/drivers/gpio/libdrivers__gpio.a(gpio_stm32.c.obj)
 .debug_aranges
                0x0000000000000960       0x20 zephyr/drivers/pinctrl/libdrivers__pinctrl.a(common.c.obj)
 .debug_aranges
                0x0000000000000980       0x28 zephyr/drivers/pinctrl/libdrivers__pinctrl.a(pinctrl_stm32.c.obj)
 .debug_aranges
                0x00000000000009a8       0x38 zephyr/drivers/reset/libdrivers__reset.a(reset_stm32.c.obj)
 .debug_aranges
                0x00000000000009e0       0xa8 zephyr/drivers/serial/libdrivers__serial.a(uart_stm32.c.obj)
 .debug_aranges
                0x0000000000000a88       0x60 zephyr/drivers/timer/libdrivers__timer.a(cortex_m_systick.c.obj)
 .debug_aranges
                0x0000000000000ae8       0x28 modules/stm32/stm32cube/lib..__modules__hal__stm32__stm32cube.a(system_stm32f3xx.c.obj)
 .debug_aranges
                0x0000000000000b10       0x88 modules/stm32/stm32cube/lib..__modules__hal__stm32__stm32cube.a(stm32f3xx_hal_rcc.c.obj)
 .debug_aranges
                0x0000000000000b98       0x60 modules/stm32/stm32cube/lib..__modules__hal__stm32__stm32cube.a(stm32f3xx_ll_utils.c.obj)
 .debug_aranges